Archive member included because of file (symbol)

R:\fehqt\Proteus/EWL/lib/armv7e-m\libm.a(w_atan2.o)
                              ..\main.o (atan2)
R:\fehqt\Proteus/EWL/lib/armv7e-m\libm.a(w_atan2f.o)
                              ..\main.o (atan2f)
R:\fehqt\Proteus/EWL/lib/armv7e-m\libm.a(w_powf.o)
                              ..\main.o (powf)
R:\fehqt\Proteus/EWL/lib/armv7e-m\libm.a(w_sqrtf.o)
                              ..\main.o (sqrtf)
R:\fehqt\Proteus/EWL/lib/armv7e-m\libm.a(e_atan2.o)
                              R:\fehqt\Proteus/EWL/lib/armv7e-m\libm.a(w_atan2.o) (__ieee754_atan2)
R:\fehqt\Proteus/EWL/lib/armv7e-m\libm.a(e_atan2f.o)
                              R:\fehqt\Proteus/EWL/lib/armv7e-m\libm.a(w_atan2f.o) (__ieee754_atan2f)
R:\fehqt\Proteus/EWL/lib/armv7e-m\libm.a(e_powf.o)
                              R:\fehqt\Proteus/EWL/lib/armv7e-m\libm.a(w_powf.o) (__ieee754_powf)
R:\fehqt\Proteus/EWL/lib/armv7e-m\libm.a(e_sqrtf.o)
                              R:\fehqt\Proteus/EWL/lib/armv7e-m\libm.a(w_sqrtf.o) (__ieee754_sqrtf)
R:\fehqt\Proteus/EWL/lib/armv7e-m\libm.a(math_api.o)
                              R:\fehqt\Proteus/EWL/lib/armv7e-m\libm.a(e_powf.o) (__fpclassifyf)
R:\fehqt\Proteus/EWL/lib/armv7e-m\libm.a(s_atan.o)
                              R:\fehqt\Proteus/EWL/lib/armv7e-m\libm.a(e_atan2.o) (atan)
R:\fehqt\Proteus/EWL/lib/armv7e-m\libm.a(s_atanf.o)
                              R:\fehqt\Proteus/EWL/lib/armv7e-m\libm.a(e_atan2f.o) (atanf)
R:\fehqt\Proteus/EWL/lib/armv7e-m\libm.a(s_scalbnf.o)
                              R:\fehqt\Proteus/EWL/lib/armv7e-m\libm.a(e_powf.o) (scalbnf)
R:\fehqt\Proteus/EWL/lib/armv7e-m\libc.a(errno.o)
                              R:\fehqt\Proteus/EWL/lib/armv7e-m\libm.a(e_atan2.o) (errno)
R:\fehqt\Proteus/EWL/lib/armv7e-m\libc.a(sprintf.o)
                              Libraries\FEHLCD.o (sprintf)
R:\fehqt\Proteus/EWL/lib/armv7e-m\libc.a(vsnprintf.o)
                              R:\fehqt\Proteus/EWL/lib/armv7e-m\libc.a(sprintf.o) (vsnprintf)
R:\fehqt\Proteus/EWL/lib/armv7e-m\libc.a(exit.o)
                              Startup\__arm_start.o (exit)
R:\fehqt\Proteus/EWL/lib/armv7e-m\libc.a(memcpy.o)
                              R:\fehqt\Proteus/EWL/lib/armv7e-m\libc.a(vsnprintf.o) (memcpy)
R:\fehqt\Proteus/EWL/lib/armv7e-m\libc.a(memset.o)
                              Startup\__arm_start.o (memset)
R:\fehqt\Proteus/EWL/lib/armv7e-m\libc.a(strcmp.o)
                              Libraries\FEHLCD.o (strcmp)
R:\fehqt\Proteus/EWL/lib/armv7e-m\libc.a(strcpy.o)
                              Libraries\FEHLCD.o (strcpy)
R:\fehqt\Proteus/EWL/lib/armv7e-m\libc.a(strlen.o)
                              Libraries\FEHLCD.o (strlen)
R:\fehqt\Proteus/EWL/lib/armv7e-m\libc.a(math_ARM.o)
                              R:\fehqt\Proteus/EWL/lib/armv7e-m\libm.a(math_api.o) (__ewl_count_bits32)
R:\fehqt\Proteus/EWL/lib/armv7e-m\libc.a(printformat_.o)
                              (__pformatter_)
R:\fehqt\Proteus/EWL/lib/armv7e-m\libc.a(scanformat_.o)
                              (__sformatter)
R:\fehqt\Proteus/EWL/lib/armv7e-m\libc.a(ctype_aeabi.o)
                              R:\fehqt\Proteus/EWL/lib/armv7e-m\libc.a(scanformat_.o) (isspace)
R:\fehqt\Proteus/EWL/lib/armv7e-m\libc.a(__strtoul.o)
                              R:\fehqt\Proteus/EWL/lib/armv7e-m\libc.a(scanformat_.o) (__strtoul)
R:\fehqt\Proteus/EWL/lib/armv7e-m\libc.a(__filll_mem.o)
                              R:\fehqt\Proteus/EWL/lib/armv7e-m\libc.a(memset.o) (__fill_mem)
R:\fehqt\Proteus/EWL/lib/armv7e-m\libc.a(memchr.o)
                              R:\fehqt\Proteus/EWL/lib/armv7e-m\libc.a(printformat_.o) (memchr)
R:\fehqt\Proteus/EWL/lib/armv7e-m\libc.a(strchr.o)
                              R:\fehqt\Proteus/EWL/lib/armv7e-m\libc.a(printformat_.o) (strchr)
r:/fehqt/proteus/gcc/bin/../lib/gcc/arm-none-eabi/4.6.2/armv7e-m\libgcc.a(_lshrdi3.o)
                              R:\fehqt\Proteus/EWL/lib/armv7e-m\libc.a(math_ARM.o) (__aeabi_llsr)
r:/fehqt/proteus/gcc/bin/../lib/gcc/arm-none-eabi/4.6.2/armv7e-m\libgcc.a(_ashldi3.o)
                              R:\fehqt\Proteus/EWL/lib/armv7e-m\libc.a(math_ARM.o) (__aeabi_llsl)
r:/fehqt/proteus/gcc/bin/../lib/gcc/arm-none-eabi/4.6.2/armv7e-m\libgcc.a(_arm_addsubdf3.o)
                              ..\main.o (__aeabi_dsub)
r:/fehqt/proteus/gcc/bin/../lib/gcc/arm-none-eabi/4.6.2/armv7e-m\libgcc.a(_arm_muldivdf3.o)
                              Libraries\FEHMotor.o (__aeabi_dmul)
r:/fehqt/proteus/gcc/bin/../lib/gcc/arm-none-eabi/4.6.2/armv7e-m\libgcc.a(_arm_cmpdf2.o)
                              ..\main.o (__aeabi_dcmplt)
r:/fehqt/proteus/gcc/bin/../lib/gcc/arm-none-eabi/4.6.2/armv7e-m\libgcc.a(_arm_fixdfsi.o)
                              ..\DriveSystem.o (__aeabi_d2iz)
r:/fehqt/proteus/gcc/bin/../lib/gcc/arm-none-eabi/4.6.2/armv7e-m\libgcc.a(_arm_fixunsdfsi.o)
[...]
Memory Configuration

Name             Origin             Length             Attributes
m_interrupts     0x0000c000         0x00000400         xr
m_cfmprotrom     0x0000c400         0x00000010         xr
m_text           0x0000c410         0x00073bf0         xr
m_data           0x1fff0400         0x0000fc00         xrw
m_data2          0x20000000         0x00010000         xrw
*default*        0x00000000         0xffffffff

Linker script and memory map

LOAD ..\main.o
LOAD ..\SupplyArm.o
LOAD ..\Robot.o
LOAD ..\DriveSystem.o
LOAD ..\ButtonSwitch.o
LOAD Startup\__arm_start.o
LOAD Startup\__arm_end.o
LOAD Startup\kinetis_sysinit.o
LOAD Libraries\FEHMotor.o
LOAD Drivers\mcg.o
LOAD Drivers\i2c.o
LOAD Drivers\spi.o
LOAD Drivers\uart.o
LOAD Drivers\ff.o
LOAD Drivers\SDHC.o
LOAD Drivers\lptmr.o
LOAD FEHProteus.o
LOAD Drivers\FEHPropeller.o
LOAD Libraries\FEHUtility.o
LOAD Libraries\FEHIO.o
LOAD Drivers\adc16.o
LOAD Libraries\FEHBuzzer.o
LOAD Libraries\FEHServo.o
LOAD Libraries\FEHLCD.o
LOAD Libraries\FEHAccel.o
LOAD Libraries\FEHBattery.o
LOAD Drivers\FEHXBee.o
LOAD Libraries\FEHRPS.o
LOAD Libraries\FEHSD.o
                0x00019628                __pformatter = __pformatter_
                [0x00019a20]                __sformatter = __sformatter
LOAD R:\fehqt\Proteus/EWL/lib/armv7e-m\libstdc++.a
LOAD R:\fehqt\Proteus/EWL/lib/armv7e-m\libm.a
START GROUP
LOAD R:\fehqt\Proteus/EWL/lib/armv7e-m\libc.a
LOAD R:\fehqt\Proteus/EWL/lib/armv7e-m\libc++.a
LOAD R:\fehqt\Proteus/EWL/lib/armv7e-m\libm.a
LOAD r:/fehqt/proteus/gcc/bin/../lib/gcc/arm-none-eabi/4.6.2/armv7e-m\libgcc.a
LOAD R:\fehqt\Proteus/EWL/lib/armv7e-m\librt.a
LOAD r:/fehqt/proteus/gcc/bin/../lib/gcc/arm-none-eabi/4.6.2/../../../../arm-none-eabi/lib/armv7e-m\libsupc++.a
END GROUP
                0x20000000                _estack = 0x20000000
                0x20000000                __SP_INIT = _estack
                0x00000800                __heap_size = 0x800
                0x00000800                __stack_size = 0x800

.interrupts     0x0000c000      0x1e0
                0x0000c000                __vector_table = .
                0x0000c000                . = ALIGN (0x4)
 *(.vectortable)
 .vectortable   0x0000c000      0x1e0 Startup\kinetis_sysinit.o
                0x0000c1e0                . = ALIGN (0x4)

.cfmprotect     0x0000c400        0x0
                0x0000c400                . = ALIGN (0x4)
 *(.cfmconfig)
                0x0000c400                . = ALIGN (0x4)

.text           0x0000c410     0xfe00
                0x0000c410                . = ALIGN (0x4)
 *(.text)
 .text          0x0000c410      0x370 r:/fehqt/proteus/gcc/bin/../lib/gcc/arm-none-eabi/4.6.2/armv7e-m\libgcc.a(_arm_addsubdf3.o)
                0x0000c410                __aeabi_drsub
                0x0000c418                __aeabi_dsub
                0x0000c418                __subdf3
                0x0000c41c                __aeabi_dadd
                0x0000c41c                __adddf3
                0x0000c694                __floatunsidf
                0x0000c694                __aeabi_ui2d
                0x0000c6b4                __floatsidf
                0x0000c6b4                __aeabi_i2d
                0x0000c6d8                __aeabi_f2d
                0x0000c6d8                __extendsfdf2
                0x0000c714                __floatundidf
                0x0000c714                __aeabi_ul2d
                0x0000c724                __floatdidf
                0x0000c724                __aeabi_l2d
 .text          0x0000c780      0x424 r:/fehqt/proteus/gcc/bin/../lib/gcc/arm-none-eabi/4.6.2/armv7e-m\libgcc.a(_arm_muldivdf3.o)
                0x0000c780                __aeabi_dmul
                0x0000c780                __muldf3
                0x0000c9d4                __divdf3
                0x0000c9d4                __aeabi_ddiv
 .text          0x0000cba4      0x110 r:/fehqt/proteus/gcc/bin/../lib/gcc/arm-none-eabi/4.6.2/armv7e-m\libgcc.a(_arm_cmpdf2.o)
                0x0000cba4                __gtdf2
                0x0000cba4                __gedf2
                0x0000cbac                __ltdf2
                0x0000cbac                __ledf2
                0x0000cbb4                __nedf2
                0x0000cbb4                __eqdf2
                0x0000cbb4                __cmpdf2
                0x0000cc30                __aeabi_cdrcmple
                0x0000cc40                __aeabi_cdcmpeq
                0x0000cc40                __aeabi_cdcmple
                0x0000cc50                __aeabi_dcmpeq
                0x0000cc64                __aeabi_dcmplt
                0x0000cc78                __aeabi_dcmple
                0x0000cc8c                __aeabi_dcmpge
                0x0000cca0                __aeabi_dcmpgt
 .text          0x0000ccb4       0x50 r:/fehqt/proteus/gcc/bin/../lib/gcc/arm-none-eabi/4.6.2/armv7e-m\libgcc.a(_arm_fixdfsi.o)
                0x0000ccb4                __aeabi_d2iz
                0x0000ccb4                __fixdfsi
 .text          0x0000cd04       0x40 r:/fehqt/proteus/gcc/bin/../lib/gcc/arm-none-eabi/4.6.2/armv7e-m\libgcc.a(_arm_fixunsdfsi.o)
                0x0000cd04                __aeabi_d2uiz
                0x0000cd04                __fixunsdfsi
 .text          0x0000cd44       0xa0 r:/fehqt/proteus/gcc/bin/../lib/gcc/arm-none-eabi/4.6.2/armv7e-m\libgcc.a(_arm_truncdfsf2.o)
                0x0000cd44                __truncdfsf2
                0x0000cd44                __aeabi_d2f
 .text          0x0000cde4      0x21c r:/fehqt/proteus/gcc/bin/../lib/gcc/arm-none-eabi/4.6.2/armv7e-m\libgcc.a(_arm_addsubsf3.o)
                0x0000cde4                __aeabi_frsub
                0x0000cdec                __subsf3
                0x0000cdec                __aeabi_fsub
                0x0000cdf0                __aeabi_fadd
                0x0000cdf0                __addsf3
                0x0000cf50                __aeabi_ui2f
                0x0000cf50                __floatunsisf
                0x0000cf58                __aeabi_i2f
                0x0000cf58                __floatsisf
                0x0000cf74                __aeabi_ul2f
                0x0000cf74                __floatundisf
                0x0000cf84                __aeabi_l2f
                0x0000cf84                __floatdisf
 .text          0x0000d000      0x2a0 r:/fehqt/proteus/gcc/bin/../lib/gcc/arm-none-eabi/4.6.2/armv7e-m\libgcc.a(_arm_muldivsf3.o)
                0x0000d000                __mulsf3
                0x0000d000                __aeabi_fmul
                0x0000d168                __aeabi_fdiv
                0x0000d168                __divsf3
 .text          0x0000d2a0       0xec r:/fehqt/proteus/gcc/bin/../lib/gcc/arm-none-eabi/4.6.2/armv7e-m\libgcc.a(_arm_cmpsf2.o)
                0x0000d2a0                __gesf2
                0x0000d2a0                __gtsf2
                0x0000d2a8                __lesf2
                0x0000d2a8                __ltsf2
                0x0000d2b0                __nesf2
                0x0000d2b0                __eqsf2
                0x0000d2b0                __cmpsf2
                0x0000d310                __aeabi_cfrcmple
                0x0000d318                __aeabi_cfcmpeq
                0x0000d318                __aeabi_cfcmple
                0x0000d328                __aeabi_fcmpeq
                0x0000d33c                __aeabi_fcmplt
                0x0000d350                __aeabi_fcmple
                0x0000d364                __aeabi_fcmpge
                0x0000d378                __aeabi_fcmpgt
 .text          0x0000d38c       0x4c r:/fehqt/proteus/gcc/bin/../lib/gcc/arm-none-eabi/4.6.2/armv7e-m\libgcc.a(_arm_fixsfsi.o)
                0x0000d38c                __aeabi_f2iz
                0x0000d38c                __fixsfsi
 .text          0x0000d3d8      0xb54 r:/fehqt/proteus/gcc/bin/../lib/gcc/arm-none-eabi/4.6.2/armv7e-m\libgcc.a(unwind-arm.o)
                0x0000d680                _Unwind_VRS_Get
                0x0000d6c0                _Unwind_VRS_Set
                0x0000da20                __aeabi_unwind_cpp_pr2
                0x0000da24                __aeabi_unwind_cpp_pr1
                0x0000da28                __aeabi_unwind_cpp_pr0
                0x0000da2c                _Unwind_VRS_Pop
                0x0000dde0                _Unwind_GetCFA
                0x0000dde4                __gnu_Unwind_RaiseException
                0x0000de44                __gnu_Unwind_ForcedUnwind
                0x0000de58                __gnu_Unwind_Resume
                0x0000de94                __gnu_Unwind_Resume_or_Rethrow
                0x0000dea4                _Unwind_Complete
                0x0000dea8                _Unwind_DeleteException
                0x0000deb8                __gnu_Unwind_Backtrace
 .text          0x0000df2c      0x1ac r:/fehqt/proteus/gcc/bin/../lib/gcc/arm-none-eabi/4.6.2/armv7e-m\libgcc.a(libunwind.o)
                0x0000df2c                __restore_core_regs
                0x0000df2c                restore_core_regs
                0x0000df44                __gnu_Unwind_Restore_VFP
                0x0000df4c                __gnu_Unwind_Save_VFP
                0x0000df54                __gnu_Unwind_Restore_VFP_D
                0x0000df5c                __gnu_Unwind_Save_VFP_D
                0x0000df64                __gnu_Unwind_Restore_VFP_D_16_to_31
                0x0000df6c                __gnu_Unwind_Save_VFP_D_16_to_31
                0x0000df74                __gnu_Unwind_Restore_WMMXD
                0x0000dfb8                __gnu_Unwind_Save_WMMXD
                0x0000dffc                __gnu_Unwind_Restore_WMMXC
                0x0000e010                __gnu_Unwind_Save_WMMXC
                0x0000e024                ___Unwind_RaiseException
                0x0000e024                _Unwind_RaiseException
                0x0000e048                _Unwind_Resume
                0x0000e048                ___Unwind_Resume
                0x0000e06c                _Unwind_Resume_or_Rethrow
                0x0000e06c                ___Unwind_Resume_or_Rethrow
                0x0000e090                _Unwind_ForcedUnwind
                0x0000e090                ___Unwind_ForcedUnwind
                0x0000e0b4                ___Unwind_Backtrace
                0x0000e0b4                _Unwind_Backtrace
 .text          0x0000e0d8      0x374 r:/fehqt/proteus/gcc/bin/../lib/gcc/arm-none-eabi/4.6.2/armv7e-m\libgcc.a(pr-support.o)
                0x0000e12c                __gnu_unwind_execute
                0x0000e3f4                __gnu_unwind_frame
                0x0000e41c                _Unwind_GetRegionStart
                0x0000e428                _Unwind_GetLanguageSpecificData
                0x0000e43c                _Unwind_GetDataRelBase
                0x0000e444                _Unwind_GetTextRelBase
 *(.text*)
 .text._ZSt5atan2ff
                0x0000e44c       0x20 ..\main.o
                0x0000e44c                std::atan2(float, float)
 .text._ZSt4sqrtf
                0x0000e46c       0x1c ..\main.o
                0x0000e46c                std::sqrt(float)
 .text._ZSt3powfi
                0x0000e488       0x28 ..\main.o
                0x0000e488                std::pow(float, int)
 .text.main     0x0000e4b0     0x2648 ..\main.o
                0x0000e4b0                main
 .text._ZN9SupplyArmC2Ev
                0x00010af8       0x48 ..\SupplyArm.o
                0x00010af8                SupplyArm::SupplyArm()
                0x00010af8                SupplyArm::SupplyArm()
 .text._ZN9SupplyArm8ToPickUpEv
                0x00010b40       0x20 ..\SupplyArm.o
                0x00010b40                SupplyArm::ToPickUp()
 .text._ZN9SupplyArm9ToDropOffEv
                0x00010b60       0x20 ..\SupplyArm.o
                0x00010b60                SupplyArm::ToDropOff()
 .text._Z41__static_initialization_and_destruction_0ii
                0x00010b80       0x3c ..\SupplyArm.o
 .text._GLOBAL__sub_I_supplyArm
                0x00010bbc       0x14 ..\SupplyArm.o
 .text._ZN5RobotC2Ev
                0x00010bd0       0x44 ..\Robot.o
                0x00010bd0                Robot::Robot()
                0x00010bd0                Robot::Robot()
 .text._ZN5Robot5StartEv
                0x00010c14       0x3c ..\Robot.o
                0x00010c14                Robot::Start()
 .text._ZN5Robot9FuelValueEv
                0x00010c50       0x20 ..\Robot.o
                0x00010c50                Robot::FuelValue()
 .text._ZN5Robot10StartValueEv
                0x00010c70       0x20 ..\Robot.o
                0x00010c70                Robot::StartValue()
 .text._ZN5Robot5IsRedEv
                0x00010c90       0x3c ..\Robot.o
                0x00010c90                Robot::IsRed()
 .text._ZN5Robot6IsBlueEv
                0x00010ccc       0x74 ..\Robot.o
                0x00010ccc                Robot::IsBlue()
 .text._ZN5Robot11PressButtonEv
                0x00010d40      0x140 ..\Robot.o
                0x00010d40                Robot::PressButton()
 .text._Z41__static_initialization_and_destruction_0ii
                0x00010e80       0x3c ..\Robot.o
 .text._GLOBAL__sub_I_robot
                0x00010ebc       0x14 ..\Robot.o
 .text._ZN11DriveSystemC2Ev
                0x00010ed0       0xb4 ..\DriveSystem.o
                0x00010ed0                DriveSystem::DriveSystem()
                0x00010ed0                DriveSystem::DriveSystem()
 .text._ZN11DriveSystem20WaitForSetpointAngleEi
                0x00010f84       0x80 ..\DriveSystem.o
                0x00010f84                DriveSystem::WaitForSetpointAngle(int)
 .text._ZN11DriveSystem19WaitForSetpointInchEf
                0x00011004       0xbc ..\DriveSystem.o
                0x00011004                DriveSystem::WaitForSetpointInch(float)
 .text._ZN11DriveSystem11MoveForwardEf
                0x000110c0       0x38 ..\DriveSystem.o
                0x000110c0                DriveSystem::MoveForward(float)
 .text._ZN11DriveSystem13MoveBackwardsEf
                0x000110f8       0x2c ..\DriveSystem.o
                0x000110f8                DriveSystem::MoveBackwards(float)
 .text._ZN11DriveSystem17ZeroTurnClockwiseEf
                0x00011124       0x74 ..\DriveSystem.o
                0x00011124                DriveSystem::ZeroTurnClockwise(float)
 .text._ZN11DriveSystem15ZeroTurnCounterEf
                0x00011198       0x74 ..\DriveSystem.o
                0x00011198                DriveSystem::ZeroTurnCounter(float)
 .text._ZN11DriveSystem11ForwardTurnEff
                0x0001120c       0x38 ..\DriveSystem.o
                0x0001120c                DriveSystem::ForwardTurn(float, float)
 .text._ZN11DriveSystem13BackwardsTurnEff
                0x00011244       0x2c ..\DriveSystem.o
                0x00011244                DriveSystem::BackwardsTurn(float, float)
 .text._ZN11DriveSystem4StopEv
                0x00011270       0x24 ..\DriveSystem.o
                0x00011270                DriveSystem::Stop()
 *fill*         0x00011294        0x4 00
 .text._ZN11DriveSystem17LineFollowingFuncEv
                0x00011298      0x360 ..\DriveSystem.o
                0x00011298                DriveSystem::LineFollowingFunc()
 .text._ZN11DriveSystem17LineFollowingBackEv
                0x000115f8       0x8c ..\DriveSystem.o
                0x000115f8                DriveSystem::LineFollowingBack()
 .text._Z41__static_initialization_and_destruction_0ii
                0x00011684       0x3c ..\DriveSystem.o
 .text._GLOBAL__sub_I_drive
                0x000116c0       0x14 ..\DriveSystem.o
 .text._ZN12ButtonSwitchC2Ev
                0x000116d4       0x7c ..\ButtonSwitch.o
                0x000116d4                ButtonSwitch::ButtonSwitch()
                0x000116d4                ButtonSwitch::ButtonSwitch()
 .text._ZN12ButtonSwitch5ArmInEv
                0x00011750       0x20 ..\ButtonSwitch.o
                0x00011750                ButtonSwitch::ArmIn()
 .text._ZN12ButtonSwitch8ArmInMidEv
                0x00011770       0x20 ..\ButtonSwitch.o
                0x00011770                ButtonSwitch::ArmInMid()
 .text._ZN12ButtonSwitch12ToBlueButtonEv
                0x00011790       0x20 ..\ButtonSwitch.o
                0x00011790                ButtonSwitch::ToBlueButton()
 .text._ZN12ButtonSwitch11ToRedButtonEv
                0x000117b0       0x20 ..\ButtonSwitch.o
                0x000117b0                ButtonSwitch::ToRedButton()
 .text._Z41__static_initialization_and_destruction_0ii
                0x000117d0       0x3c ..\ButtonSwitch.o
 .text._GLOBAL__sub_I_buttonSwitch
                0x0001180c       0x14 ..\ButtonSwitch.o
 .text.zero_fill_bss
                0x00011820       0x34 Startup\__arm_start.o
 .text.__thumb_startup
                0x00011854       0x34 Startup\__arm_start.o
                0x00011854                __thumb_startup
 .text.InitFEHProteus
                0x00011888      0x15c Startup\__arm_start.o
                0x00011888                InitFEHProteus
 .text.pll_init_bl
                0x000119e4      0x130 Startup\__arm_start.o
 .text.InitPowerButton
                0x00011b14       0x90 Startup\__arm_start.o
                0x00011b14                InitPowerButton
 .text._ExitProcess
                0x00011ba4        0xc Startup\__arm_end.o
                0x00011ba4                _ExitProcess
 .text.Default_Handler
                0x00011bb0        0xc Startup\kinetis_sysinit.o
                0x00011bb0                BusFault_Handler()
                0x00011bb0                HardFault_Handler()
                0x00011bb0                SysTick_Handler()
                0x00011bb0                PendSV_Handler()
                0x00011bb0                DebugMonitor_Handler()
                0x00011bb0                MemManage_Handler()
                0x00011bb0                NMI_Handler()
                0x00011bb0                SVC_Handler()
                0x00011bb0                Default_Handler
                0x00011bb0                UsageFault_Handler()
 .text.__init_hardware
                0x00011bbc       0x44 Startup\kinetis_sysinit.o
                0x00011bbc                __init_hardware
 .text._Z8PortDISRv
                0x00011c00       0x5c Startup\kinetis_sysinit.o
                0x00011c00                PortDISR()
 *fill*         0x00011c5c        0x4 00
 .text._ZN8FEHMotorC2ENS_12FEHMotorPortEf
                0x00011c60       0xb0 Libraries\FEHMotor.o
                0x00011c60                FEHMotor::FEHMotor(FEHMotor::FEHMotorPort, float)
                0x00011c60                FEHMotor::FEHMotor(FEHMotor::FEHMotorPort, float)
 .text._ZN8FEHMotor4StopEv
                0x00011d10       0x3c Libraries\FEHMotor.o
                0x00011d10                FEHMotor::Stop()
 .text._ZN8FEHMotor8SetPowerEi
                0x00011d4c       0x60 Libraries\FEHMotor.o
                0x00011d4c                FEHMotor::SetPower(int)
 *fill*         0x00011dac        0x4 00
 .text._ZN8FEHMotor10SetPercentEf
                0x00011db0      0x158 Libraries\FEHMotor.o
                0x00011db0                FEHMotor::SetPercent(float)
 .text._Z21IIC_StartTransmissionhh
                0x00011f08       0x98 Drivers\i2c.o
                0x00011f08                IIC_StartTransmission(unsigned char, unsigned char)
 .text._Z5Pausev
                0x00011fa0       0x34 Drivers\i2c.o
                0x00011fa0                Pause()
 .text._Z21MMA8451QWriteRegisterhh
                0x00011fd4      0x12c Drivers\i2c.o
                0x00011fd4                MMA8451QWriteRegister(unsigned char, unsigned char)
 .text._Z12SPI_SendCharh
                0x00012100       0x1c Drivers\spi.o
                0x00012100                SPI_SendChar(unsigned char)
 .text._Z16SPI_WriteCommandhh
                0x0001211c       0x34 Drivers\spi.o
                0x0001211c                SPI_WriteCommand(unsigned char, unsigned char)
 .text._Z11SPI_GetCharv
                0x00012150       0x14 Drivers\spi.o
                0x00012150                SPI_GetChar()
 .text._Z15SPI_ReadCommandh
                0x00012164       0x3c Drivers\spi.o
                0x00012164                SPI_ReadCommand(unsigned char)
 .text._Z13SPI_CS_Assertv
                0x000121a0       0x24 Drivers\spi.o
                0x000121a0                SPI_CS_Assert()
 .text._Z15SPI_CS_Deassertv
                0x000121c4       0x24 Drivers\spi.o
                0x000121c4                SPI_CS_Deassert()
 .text._Z12SPI_Transferh
                0x000121e8       0x88 Drivers\spi.o
                0x000121e8                SPI_Transfer(unsigned char)
 .text._Z8SPI_Initv
                0x00012270       0xe8 Drivers\spi.o
                0x00012270                SPI_Init()
 .text._Z9uart_initPV11UART_MemMapii
                0x00012358      0x20c Drivers\uart.o
                0x00012358                uart_init(UART_MemMap volatile*, int, int)
 .text._Z12uart_getcharPV11UART_MemMap
                0x00012564       0x34 Drivers\uart.o
                0x00012564                uart_getchar(UART_MemMap volatile*)
 .text._Z12uart_putcharPV11UART_MemMapc
                0x00012598       0x38 Drivers\uart.o
                0x00012598                uart_putchar(UART_MemMap volatile*, char)
 .text._Z13time_delay_msm
                0x000125d0       0xa4 Drivers\lptmr.o
                0x000125d0                time_delay_ms(unsigned long)
 .text._Z41__static_initialization_and_destruction_0ii
                0x00012674       0x30 FEHProteus.o
 .text._GLOBAL__sub_I_Propeller
                0x000126a4       0x14 FEHProteus.o
 .text._ZN12FEHPropellerC2Ev
                0x000126b8       0x20 Drivers\FEHPropeller.o
                0x000126b8                FEHPropeller::FEHPropeller()
                0x000126b8                FEHPropeller::FEHPropeller()
 .text._ZN12FEHPropeller10InitializeEv
                0x000126d8       0x94 Drivers\FEHPropeller.o
                0x000126d8                FEHPropeller::Initialize()
 .text._ZN12FEHPropeller12SetMotorRateEhhh
                0x0001276c       0x78 Drivers\FEHPropeller.o
                0x0001276c                FEHPropeller::SetMotorRate(unsigned char, unsigned char, unsigned char)
 .text._ZL5Delaymjj
                0x000127e4       0xc4 Libraries\FEHUtility.o
 .text._Z5Sleepi
                0x000128a8       0x34 Libraries\FEHUtility.o
                0x000128a8                Sleep(int)
 *fill*         0x000128dc        0x4 00
 .text._Z5Sleepd
                0x000128e0       0x58 Libraries\FEHUtility.o
                0x000128e0                Sleep(double)
 .text._Z7TimeNowv
                0x00012938       0x70 Libraries\FEHUtility.o
                0x00012938                TimeNow()
 .text._Z11TimeNowMSecv
                0x000129a8       0x44 Libraries\FEHUtility.o
                0x000129a8                TimeNowMSec()
 .text._ZN15DigitalInputPinC2EN5FEHIO8FEHIOPinE
                0x000129ec       0x24 Libraries\FEHIO.o
                0x000129ec                DigitalInputPin::DigitalInputPin(FEHIO::FEHIOPin)
                0x000129ec                DigitalInputPin::DigitalInputPin(FEHIO::FEHIOPin)
 .text._ZN15DigitalInputPin10InitializeEN5FEHIO8FEHIOPinE
                0x00012a10      0x224 Libraries\FEHIO.o
                0x00012a10                DigitalInputPin::Initialize(FEHIO::FEHIOPin)
 .text._ZN15DigitalInputPin5ValueEv
                0x00012c34      0x148 Libraries\FEHIO.o
                0x00012c34                DigitalInputPin::Value()
 .text._Z9portB_isrv
                0x00012d7c       0xd4 Libraries\FEHIO.o
                0x00012d7c                portB_isr()
 .text._Z9portC_isrv
                0x00012e50       0xd8 Libraries\FEHIO.o
                0x00012e50                portC_isr()
 .text._Z9portA_isrv
                0x00012f28       0xd8 Libraries\FEHIO.o
                0x00012f28                portA_isr()
 .text._Z9portE_isrv
                0x00013000       0xd0 Libraries\FEHIO.o
                0x00013000                portE_isr()
 .text._ZN14AnalogInputPinC2EN5FEHIO8FEHIOPinE
                0x000130d0       0x20 Libraries\FEHIO.o
                0x000130d0                AnalogInputPin::AnalogInputPin(FEHIO::FEHIOPin)
                0x000130d0                AnalogInputPin::AnalogInputPin(FEHIO::FEHIOPin)
 .text._ZN14AnalogInputPin5ValueEv
                0x000130f0      0x180 Libraries\FEHIO.o
                0x000130f0                AnalogInputPin::Value()
 .text._ZN13AnalogEncoder12EncoderValueEv
                0x00013270       0xe4 Libraries\FEHIO.o
                0x00013270                AnalogEncoder::EncoderValue()
 .text._ZN14AnalogInputPin8InitADCsEv
                0x00013354      0x120 Libraries\FEHIO.o
                0x00013354                AnalogInputPin::InitADCs()
 .text._Z8pit0_isrv
                0x00013474       0x34 Libraries\FEHIO.o
                0x00013474                pit0_isr()
 .text._ZN13AnalogEncoder4InitEv
                0x000134a8       0x64 Libraries\FEHIO.o
                0x000134a8                AnalogEncoder::Init()
 .text._ZN13AnalogEncoder14SetCounterInitEj
                0x0001350c       0x20 Libraries\FEHIO.o
                0x0001350c                AnalogEncoder::SetCounterInit(unsigned int)
 .text._ZN13AnalogEncoder10ProcessIntEv
                0x0001352c       0x80 Libraries\FEHIO.o
                0x0001352c                AnalogEncoder::ProcessInt()
 .text._ZN13AnalogEncoder14ProcessIntSelfEv
                0x000135ac       0x80 Libraries\FEHIO.o
                0x000135ac                AnalogEncoder::ProcessIntSelf()
 .text._Z7ADC_CalPV10ADC_MemMap
                0x0001362c      0x14c Drivers\adc16.o
                0x0001362c                ADC_Cal(ADC_MemMap volatile*)
 .text._Z14ADC_Config_AltPV10ADC_MemMapP7adc_cfg
                0x00013778       0x6c Drivers\adc16.o
                0x00013778                ADC_Config_Alt(ADC_MemMap volatile*, adc_cfg*)
 .text._ZN9FEHBuzzerC2Ev
                0x000137e4       0x18 Libraries\FEHBuzzer.o
                0x000137e4                FEHBuzzer::FEHBuzzer()
                0x000137e4                FEHBuzzer::FEHBuzzer()
 .text._Z41__static_initialization_and_destruction_0ii
                0x000137fc       0x30 Libraries\FEHBuzzer.o
 .text._GLOBAL__sub_I_Buzzer
                0x0001382c       0x14 Libraries\FEHBuzzer.o
 .text._ZN8FEHServoC2ENS_12FEHServoPortE
                0x00013840       0x3c Libraries\FEHServo.o
                0x00013840                FEHServo::FEHServo(FEHServo::FEHServoPort)
                0x00013840                FEHServo::FEHServo(FEHServo::FEHServoPort)
 .text._ZN8FEHServo6SetMinEi
                0x0001387c       0x3c Libraries\FEHServo.o
                0x0001387c                FEHServo::SetMin(int)
 .text._ZN8FEHServo6SetMaxEi
                0x000138b8       0x3c Libraries\FEHServo.o
                0x000138b8                FEHServo::SetMax(int)
 *fill*         0x000138f4        0x4 00
 .text._ZN8FEHServo9SetDegreeEf
                0x000138f8      0x148 Libraries\FEHServo.o
                0x000138f8                FEHServo::SetDegree(float)
 .text._ZN6FEHLCD11_InitializeEv
                0x00013a40      0x5dc Libraries\FEHLCD.o
                0x00013a40                FEHLCD::_Initialize()
 .text._ZN6FEHLCDC2Ev
                0x0001401c       0x64 Libraries\FEHLCD.o
                0x0001401c                FEHLCD::FEHLCD()
                0x0001401c                FEHLCD::FEHLCD()
 .text._ZN6FEHLCD10InitializeEv
                0x00014080       0x38 Libraries\FEHLCD.o
                0x00014080                FEHLCD::Initialize()
 .text._ZN6FEHLCD10PrintImageEii
                0x000140b8      0x100 Libraries\FEHLCD.o
                0x000140b8                FEHLCD::PrintImage(int, int)
 .text._ZN6FEHLCD9PrintLogoEii
                0x000141b8      0x100 Libraries\FEHLCD.o
                0x000141b8                FEHLCD::PrintLogo(int, int)
 .text._ZN6FEHLCD22ConvertFEHColorTo24BitENS_11FEHLCDColorE
                0x000142b8       0x80 Libraries\FEHLCD.o
                0x000142b8                FEHLCD::ConvertFEHColorTo24Bit(FEHLCD::FEHLCDColor)
 .text._ZN6FEHLCD24Convert24BitColorTo16BitEj
                0x00014338       0x40 Libraries\FEHLCD.o
                0x00014338                FEHLCD::Convert24BitColorTo16Bit(unsigned int)
 .text._ZN6FEHLCD22ConvertRGBColorTo16BitEhhh
                0x00014378       0x44 Libraries\FEHLCD.o
                0x00014378                FEHLCD::ConvertRGBColorTo16Bit(unsigned char, unsigned char, unsigned char)
 .text._ZN6FEHLCD5ClearENS_11FEHLCDColorE
                0x000143bc       0x28 Libraries\FEHLCD.o
                0x000143bc                FEHLCD::Clear(FEHLCD::FEHLCDColor)
 .text._ZN6FEHLCD5ClearEj
                0x000143e4       0x2c Libraries\FEHLCD.o
                0x000143e4                FEHLCD::Clear(unsigned int)
 .text._ZN6FEHLCD5ClearEv
                0x00014410       0x18 Libraries\FEHLCD.o
                0x00014410                FEHLCD::Clear()
 .text._ZN6FEHLCD18SetBackgroundColorENS_11FEHLCDColorE
                0x00014428       0x28 Libraries\FEHLCD.o
                0x00014428                FEHLCD::SetBackgroundColor(FEHLCD::FEHLCDColor)
 .text._ZN6FEHLCD18SetBackgroundColorEj
                0x00014450       0x28 Libraries\FEHLCD.o
                0x00014450                FEHLCD::SetBackgroundColor(unsigned int)
 .text._ZN6FEHLCD12SetFontColorENS_11FEHLCDColorE
                0x00014478       0x28 Libraries\FEHLCD.o
                0x00014478                FEHLCD::SetFontColor(FEHLCD::FEHLCDColor)
 .text._ZN6FEHLCD12SetFontColorEj
                0x000144a0       0x28 Libraries\FEHLCD.o
                0x000144a0                FEHLCD::SetFontColor(unsigned int)
 .text._ZN6FEHLCD7WriteAtEPKcii
                0x000144c8       0x58 Libraries\FEHLCD.o
                0x000144c8                FEHLCD::WriteAt(char const*, int, int)
 .text._ZN6FEHLCD11TS_SPI_InitEv
                0x00014520       0xa8 Libraries\FEHLCD.o
                0x00014520                FEHLCD::TS_SPI_Init()
 .text._ZN6FEHLCD5TouchEPfS0_
                0x000145c8      0x230 Libraries\FEHLCD.o
                0x000145c8                FEHLCD::Touch(float*, float*)
 .text._ZN6FEHLCD3absEi
                0x000147f8       0x28 Libraries\FEHLCD.o
                0x000147f8                FEHLCD::abs(int)
 .text._ZN6FEHLCD5WriteEPKc
                0x00014820       0x5c Libraries\FEHLCD.o
                0x00014820                FEHLCD::Write(char const*)
 .text._ZN6FEHLCD5WriteEi
                0x0001487c       0x34 Libraries\FEHLCD.o
                0x0001487c                FEHLCD::Write(int)
 .text._ZN6FEHLCD5WriteEf
                0x000148b0       0xdc Libraries\FEHLCD.o
                0x000148b0                FEHLCD::Write(float)
 .text._ZN6FEHLCD5WriteEc
                0x0001498c       0x30 Libraries\FEHLCD.o
                0x0001498c                FEHLCD::Write(char)
 .text._ZN6FEHLCD9WriteLineEPKc
                0x000149bc       0x28 Libraries\FEHLCD.o
                0x000149bc                FEHLCD::WriteLine(char const*)
 .text._ZN6FEHLCD9WriteLineEi
                0x000149e4       0x28 Libraries\FEHLCD.o
                0x000149e4                FEHLCD::WriteLine(int)
 .text._ZN6FEHLCD9WriteLineEf
                0x00014a0c       0x28 Libraries\FEHLCD.o
                0x00014a0c                FEHLCD::WriteLine(float)
 .text._ZN6FEHLCD9WriteLineEc
                0x00014a34       0x2c Libraries\FEHLCD.o
                0x00014a34                FEHLCD::WriteLine(char)
 .text._ZN6FEHLCD10WriteIndexEh
                0x00014a60      0x288 Libraries\FEHLCD.o
                0x00014a60                FEHLCD::WriteIndex(unsigned char)
 .text._ZN6FEHLCD14WriteParameterEh
                0x00014ce8      0x254 Libraries\FEHLCD.o
                0x00014ce8                FEHLCD::WriteParameter(unsigned char)
 .text._ZN6FEHLCD6_ClearEv
                0x00014f3c      0x228 Libraries\FEHLCD.o
                0x00014f3c                FEHLCD::_Clear()
 .text._ZN6FEHLCD8NextLineEv
                0x00015164       0x30 Libraries\FEHLCD.o
                0x00015164                FEHLCD::NextLine()
 .text._ZN6FEHLCD9CheckLineEv
                0x00015194       0x2c Libraries\FEHLCD.o
                0x00015194                FEHLCD::CheckLine()
 .text._ZN6FEHLCD8NextCharEv
                0x000151c0       0x34 Libraries\FEHLCD.o
                0x000151c0                FEHLCD::NextChar()
 .text._ZN6FEHLCD9DrawPixelEii
                0x000151f4       0x30 Libraries\FEHLCD.o
                0x000151f4                FEHLCD::DrawPixel(int, int)
 .text._Z4SwapRiS_
                0x00015224       0x28 Libraries\FEHLCD.o
                0x00015224                Swap(int&, int&)
 .text._ZN6FEHLCD13DrawRectangleEiiii
                0x0001524c       0x80 Libraries\FEHLCD.o
                0x0001524c                FEHLCD::DrawRectangle(int, int, int, int)
 .text._ZN6FEHLCD13SetDrawRegionEiiii
                0x000152cc      0x10c Libraries\FEHLCD.o
                0x000152cc                FEHLCD::SetDrawRegion(int, int, int, int)
 .text._ZN6FEHLCD8DrawLineEiiii
                0x000153d8      0x17c Libraries\FEHLCD.o
                0x000153d8                FEHLCD::DrawLine(int, int, int, int)
 .text._ZN6FEHLCD9WriteCharEiic
                0x00015554       0x40 Libraries\FEHLCD.o
                0x00015554                FEHLCD::WriteChar(int, int, char)
 .text._ZN6FEHLCD11WriteCharAtEiic
                0x00015594      0x278 Libraries\FEHLCD.o
                0x00015594                FEHLCD::WriteCharAt(int, int, char)
 .text._ZN6FEHLCD11RepeatColorEv
                0x0001580c       0xbc Libraries\FEHLCD.o
                0x0001580c                FEHLCD::RepeatColor()
 .text._ZN6FEHLCD10_ForePixelEv
                0x000158c8      0x160 Libraries\FEHLCD.o
                0x000158c8                FEHLCD::_ForePixel()
 .text._ZN6FEHLCD10_BackPixelEv
                0x00015a28      0x160 Libraries\FEHLCD.o
                0x00015a28                FEHLCD::_BackPixel()
 .text._ZN6FEHLCD22SetRegisterColorValuesEv
                0x00015b88      0x4c0 Libraries\FEHLCD.o
                0x00015b88                FEHLCD::SetRegisterColorValues()
 .text._ZN7FEHIcon4IconC2Ev
                0x00016048       0x18 Libraries\FEHLCD.o
                0x00016048                FEHIcon::Icon::Icon()
                0x00016048                FEHIcon::Icon::Icon()
 .text._ZN7FEHIcon4Icon13SetPropertiesEPciiiijj
                0x00016060       0x70 Libraries\FEHLCD.o
                0x00016060                FEHIcon::Icon::SetProperties(char*, int, int, int, int, unsigned int, unsigned int)
 .text._ZN7FEHIcon4Icon4DrawEv
                0x000160d0       0xb0 Libraries\FEHLCD.o
                0x000160d0                FEHIcon::Icon::Draw()
 .text._ZN7FEHIcon4Icon6SelectEv
                0x00016180       0xb8 Libraries\FEHLCD.o
                0x00016180                FEHIcon::Icon::Select()
 .text._ZN7FEHIcon4Icon8DeselectEv
                0x00016238       0xb4 Libraries\FEHLCD.o
                0x00016238                FEHIcon::Icon::Deselect()
 .text._ZN7FEHIcon4Icon7PressedEffi
                0x000162ec      0x1dc Libraries\FEHLCD.o
                0x000162ec                FEHIcon::Icon::Pressed(float, float, int)
 .text._ZN7FEHIcon4Icon12WhilePressedEff
                0x000164c8       0x5c Libraries\FEHLCD.o
                0x000164c8                FEHIcon::Icon::WhilePressed(float, float)
 .text._ZN7FEHIcon13DrawIconArrayEPNS_4IconEiiiiiiPA20_cjj
                0x00016524      0x194 Libraries\FEHLCD.o
                0x00016524                FEHIcon::DrawIconArray(FEHIcon::Icon*, int, int, int, int, int, int, char (*) [20], unsigned int, unsigned int)
 .text._Z41__static_initialization_and_destruction_0ii
                0x000166b8       0x30 Libraries\FEHLCD.o
 .text._GLOBAL__sub_I_image
                0x000166e8       0x14 Libraries\FEHLCD.o
 .text._ZN8FEHAccelC2Ev
                0x000166fc       0x8c Libraries\FEHAccel.o
                0x000166fc                FEHAccel::FEHAccel()
                0x000166fc                FEHAccel::FEHAccel()
 .text._Z41__static_initialization_and_destruction_0ii
                0x00016788       0x30 Libraries\FEHAccel.o
 .text._GLOBAL__sub_I_Accel
                0x000167b8       0x14 Libraries\FEHAccel.o
 .text._ZN10FEHBatteryC2EN5FEHIO8FEHIOPinE
                0x000167cc       0x24 Libraries\FEHBattery.o
                0x000167cc                FEHBattery::FEHBattery(FEHIO::FEHIOPin)
                0x000167cc                FEHBattery::FEHBattery(FEHIO::FEHIOPin)
 .text._Z41__static_initialization_and_destruction_0ii
                0x000167f0       0x34 Libraries\FEHBattery.o
 .text._GLOBAL__sub_I_Battery
                0x00016824       0x14 Libraries\FEHBattery.o
 .text._ZN7FEHXBeeC2Ev
                0x00016838       0x20 Drivers\FEHXBee.o
                0x00016838                FEHXBee::FEHXBee()
                0x00016838                FEHXBee::FEHXBee()
 .text._ZN7FEHXBee10InitializeEv
                0x00016858      0x148 Drivers\FEHXBee.o
                0x00016858                FEHXBee::Initialize()
 .text._ZN7FEHXBee13IsInitializedEv
                0x000169a0       0x18 Drivers\FEHXBee.o
                0x000169a0                FEHXBee::IsInitialized()
 .text._ZN7FEHXBee17ReceiveDataSearchEPcjh
                0x000169b8       0xb4 Drivers\FEHXBee.o
                0x000169b8                FEHXBee::ReceiveDataSearch(char*, unsigned int, unsigned char)
 .text._ZN7FEHXBee8SendDataEPcj
                0x00016a6c       0x50 Drivers\FEHXBee.o
                0x00016a6c                FEHXBee::SendData(char*, unsigned int)
 .text._ZN7FEHXBee17SetPacketCallBackEPFvPhhE
                0x00016abc       0x20 Drivers\FEHXBee.o
                0x00016abc                FEHXBee::SetPacketCallBack(void (*)(unsigned char*, unsigned char))
 .text._Z9UART0_ISRv
                0x00016adc      0x174 Drivers\FEHXBee.o
                0x00016adc                UART0_ISR()
 .text._ZN6FEHRPSC2Ev
                0x00016c50       0x88 Libraries\FEHRPS.o
                0x00016c50                FEHRPS::FEHRPS()
                0x00016c50                FEHRPS::FEHRPS()
 .text._ZN6FEHRPS10InitializeEi
                0x00016cd8      0x8b4 Libraries\FEHRPS.o
                0x00016cd8                FEHRPS::Initialize(int)
 .text._ZN6FEHRPS10InitializeEc
                0x0001758c       0x4c Libraries\FEHRPS.o
                0x0001758c                FEHRPS::Initialize(char)
 .text._ZN6FEHRPS19InitializeTouchMenuEv
                0x000175d8      0x908 Libraries\FEHRPS.o
                0x000175d8                FEHRPS::InitializeTouchMenu()
 .text._ZN6FEHRPS19CurrentRegionLetterEv
                0x00017ee0       0x20 Libraries\FEHRPS.o
                0x00017ee0                FEHRPS::CurrentRegionLetter()
 .text._ZN6FEHRPS13WaitForPacketEv
                0x00017f00       0x78 Libraries\FEHRPS.o
                0x00017f00                FEHRPS::WaitForPacket()
 .text._ZN6FEHRPS1XEv
                0x00017f78       0x20 Libraries\FEHRPS.o
                0x00017f78                FEHRPS::X()
 .text._ZN6FEHRPS1YEv
                0x00017f98       0x20 Libraries\FEHRPS.o
                0x00017f98                FEHRPS::Y()
 .text._ZN6FEHRPS7HeadingEv
                0x00017fb8       0x20 Libraries\FEHRPS.o
                0x00017fb8                FEHRPS::Heading()
 .text._Z14RPSDataProcessPhh
                0x00017fd8      0x180 Libraries\FEHRPS.o
                0x00017fd8                RPSDataProcess(unsigned char*, unsigned char)
 .text._Z41__static_initialization_and_destruction_0ii
                0x00018158       0x30 Libraries\FEHRPS.o
 .text._GLOBAL__sub_I_RPS
                0x00018188       0x14 Libraries\FEHRPS.o
 .text._ZN5FEHSDC2Ev
                0x0001819c       0x24 Libraries\FEHSD.o
                0x0001819c                FEHSD::FEHSD()
                0x0001819c                FEHSD::FEHSD()
 .text._Z41__static_initialization_and_destruction_0ii
                0x000181c0       0x30 Libraries\FEHSD.o
 .text._GLOBAL__sub_I_SD
                0x000181f0       0x14 Libraries\FEHSD.o
 .text.atan2    0x00018204        0x4 R:\fehqt\Proteus/EWL/lib/armv7e-m\libm.a(w_atan2.o)
                0x00018204                atan2
 .text.atan2f   0x00018208        0x4 R:\fehqt\Proteus/EWL/lib/armv7e-m\libm.a(w_atan2f.o)
                0x00018208                atan2f
 .text.powf     0x0001820c        0x4 R:\fehqt\Proteus/EWL/lib/armv7e-m\libm.a(w_powf.o)
                0x0001820c                powf
 .text.sqrtf    0x00018210        0x4 R:\fehqt\Proteus/EWL/lib/armv7e-m\libm.a(w_sqrtf.o)
                0x00018210                sqrtf
 *fill*         0x00018214        0x4 00
 .text.__ieee754_atan2
                0x00018218      0x1b8 R:\fehqt\Proteus/EWL/lib/armv7e-m\libm.a(e_atan2.o)
                0x00018218                __ieee754_atan2
 .text.__ieee754_atan2f
                0x000183d0      0x130 R:\fehqt\Proteus/EWL/lib/armv7e-m\libm.a(e_atan2f.o)
                0x000183d0                __ieee754_atan2f
 .text.__ieee754_powf
                0x00018500      0x774 R:\fehqt\Proteus/EWL/lib/armv7e-m\libm.a(e_powf.o)
                0x00018500                __ieee754_powf
 .text.__ieee754_sqrtf
                0x00018c74       0xb0 R:\fehqt\Proteus/EWL/lib/armv7e-m\libm.a(e_sqrtf.o)
                0x00018c74                __ieee754_sqrtf
 .text.__fpclassifyf
                0x00018d24       0x2c R:\fehqt\Proteus/EWL/lib/armv7e-m\libm.a(math_api.o)
                0x00018d24                __fpclassifyf
 .text.atan     0x00018d50      0x348 R:\fehqt\Proteus/EWL/lib/armv7e-m\libm.a(s_atan.o)
                0x00018d50                atan
 .text.atanf    0x00019098      0x240 R:\fehqt\Proteus/EWL/lib/armv7e-m\libm.a(s_atanf.o)
                0x00019098                atanf
 .text.scalbnf  0x000192d8       0xac R:\fehqt\Proteus/EWL/lib/armv7e-m\libm.a(s_scalbnf.o)
                0x000192d8                scalbnf
 .text.sprintf  0x00019384       0x1c R:\fehqt\Proteus/EWL/lib/armv7e-m\libc.a(sprintf.o)
                0x00019384                sprintf
 .text.__StringWrite
                0x000193a0       0x28 R:\fehqt\Proteus/EWL/lib/armv7e-m\libc.a(vsnprintf.o)
                0x000193a0                __StringWrite
 .text.vsnprintf
                0x000193c8       0x34 R:\fehqt\Proteus/EWL/lib/armv7e-m\libc.a(vsnprintf.o)
                0x000193c8                vsnprintf
 .text.exit     0x000193fc       0x38 R:\fehqt\Proteus/EWL/lib/armv7e-m\libc.a(exit.o)
                0x000193fc                exit
 .text.memcpy   0x00019434       0x12 R:\fehqt\Proteus/EWL/lib/armv7e-m\libc.a(memcpy.o)
                0x00019434                memcpy
 .text.memset   0x00019446        0xc R:\fehqt\Proteus/EWL/lib/armv7e-m\libc.a(memset.o)
                0x00019446                memset
 .text.strcmp   0x00019452       0x18 R:\fehqt\Proteus/EWL/lib/armv7e-m\libc.a(strcmp.o)
                0x00019452                strcmp
 .text.strcpy   0x0001946a       0x18 R:\fehqt\Proteus/EWL/lib/armv7e-m\libc.a(strcpy.o)
                0x0001946a                strcpy
 .text.strlen   0x00019482       0x10 R:\fehqt\Proteus/EWL/lib/armv7e-m\libc.a(strlen.o)
                0x00019482                strlen
 .text.long2str.isra.0
                0x00019492      0x196 R:\fehqt\Proteus/EWL/lib/armv7e-m\libc.a(printformat_.o)
 .text.__pformatter_
                0x00019628      0x3f8 R:\fehqt\Proteus/EWL/lib/armv7e-m\libc.a(printformat_.o)
                0x00019628                __pformatter_
 .text.__sformatter
                0x00019a20      0x74e R:\fehqt\Proteus/EWL/lib/armv7e-m\libc.a(scanformat_.o)
                0x00019a20                __sformatter
 *fill*         0x0001a16e        0x2 00
 .text.isalpha  0x0001a170       0x1c R:\fehqt\Proteus/EWL/lib/armv7e-m\libc.a(ctype_aeabi.o)
                0x0001a170                isalpha
 .text.isspace  0x0001a18c       0x1c R:\fehqt\Proteus/EWL/lib/armv7e-m\libc.a(ctype_aeabi.o)
                0x0001a18c                isspace
 .text.toupper  0x0001a1a8        0xc R:\fehqt\Proteus/EWL/lib/armv7e-m\libc.a(ctype_aeabi.o)
                0x0001a1a8                toupper
 .text.__strtoul
                0x0001a1b4      0x1dc R:\fehqt\Proteus/EWL/lib/armv7e-m\libc.a(__strtoul.o)
                0x0001a1b4                __strtoul
 .text.__fill_mem
                0x0001a390       0x76 R:\fehqt\Proteus/EWL/lib/armv7e-m\libc.a(__filll_mem.o)
                0x0001a390                __fill_mem
 .text.memchr   0x0001a406       0x1a R:\fehqt\Proteus/EWL/lib/armv7e-m\libc.a(memchr.o)
                0x0001a406                memchr
 .text.strchr   0x0001a420       0x1c R:\fehqt\Proteus/EWL/lib/armv7e-m\libc.a(strchr.o)
                0x0001a420                strchr
 .text.__init_cpp
                0x0001a43c       0x4c R:\fehqt\Proteus/EWL/lib/armv7e-m\librt.a(gcc_ctor_dtor.o)
                0x0001a43c                __init_cpp
 .text.__fini_cpp
                0x0001a488       0x34 R:\fehqt\Proteus/EWL/lib/armv7e-m\librt.a(gcc_ctor_dtor.o)
                0x0001a488                __fini_cpp
 .text.__copy_rom_section
                0x0001a4bc       0x44 R:\fehqt\Proteus/EWL/lib/armv7e-m\librt.a(ROMCopy.o)
                0x0001a4bc                __copy_rom_section
 .text.__copy_rom_sections_to_ram
                0x0001a500       0x34 R:\fehqt\Proteus/EWL/lib/armv7e-m\librt.a(ROMCopy.o)
                0x0001a500                __copy_rom_sections_to_ram
 .text.__destroy_global_chain
                0x0001a534       0x1c R:\fehqt\Proteus/EWL/lib/armv7e-m\librt.a(__arm_eabi_init.o)
                0x0001a534                __destroy_global_chain
 .text.__init_registers
                0x0001a550       0x20 R:\fehqt\Proteus/EWL/lib/armv7e-m\librt.a(__arm_eabi_init.o)
                0x0001a550                __init_registers
 .text.__init_user
                0x0001a570        0x4 R:\fehqt\Proteus/EWL/lib/armv7e-m\librt.a(__arm_eabi_init.o)
                0x0001a570                __init_user
 .text._ZNSt9bad_allocD2Ev
                0x0001a574        0xc R:\fehqt\Proteus/EWL/lib/armv7e-m\librt.a(New.o)
                0x0001a574                std::bad_alloc::~bad_alloc()
                0x0001a574                std::bad_alloc::~bad_alloc()
 .text._ZNKSt9bad_alloc4whatEv
                0x0001a580        0x8 R:\fehqt\Proteus/EWL/lib/armv7e-m\librt.a(New.o)
                0x0001a580                std::bad_alloc::what() const
 .text._Znwj    0x0001a588       0x4c R:\fehqt\Proteus/EWL/lib/armv7e-m\librt.a(New.o)
                0x0001a588                operator new(unsigned int)
 .text._ZdlPv   0x0001a5d4        0x8 R:\fehqt\Proteus/EWL/lib/armv7e-m\librt.a(New.o)
                0x0001a5d4                operator delete(void*)
 .text._ZNSt9bad_allocD0Ev
                0x0001a5dc       0x14 R:\fehqt\Proteus/EWL/lib/armv7e-m\librt.a(New.o)
                0x0001a5dc                std::bad_alloc::~bad_alloc()
 .text._ZNK10__cxxabiv117__class_type_info11__do_upcastEPKS0_PPv
                0x0001a5f0       0x38 r:/fehqt/proteus/gcc/bin/../lib/gcc/arm-none-eabi/4.6.2/../../../../arm-none-eabi/lib/armv7e-m\libsupc++.a(class_type_info.o)
                0x0001a5f0                __cxxabiv1::__class_type_info::__do_upcast(__cxxabiv1::__class_type_info const*, void**) const
 .text._ZNK10__cxxabiv117__class_type_info20__do_find_public_srcEiPKvPKS0_S2_
                0x0001a628        0xc r:/fehqt/proteus/gcc/bin/../lib/gcc/arm-none-eabi/4.6.2/../../../../arm-none-eabi/lib/armv7e-m\libsupc++.a(class_type_info.o)
                0x0001a628                __cxxabiv1::__class_type_info::__do_find_public_src(int, void const*, __cxxabiv1::__class_type_info const*, void const*) const
 .text._ZNK10__cxxabiv117__class_type_info11__do_upcastEPKS0_PKvRNS0_15__upcast_resultE
                0x0001a634       0x1c r:/fehqt/proteus/gcc/bin/../lib/gcc/arm-none-eabi/4.6.2/../../../../arm-none-eabi/lib/armv7e-m\libsupc++.a(class_type_info.o)
                0x0001a634                __cxxabiv1::__class_type_info::__do_upcast(__cxxabiv1::__class_type_info const*, void const*, __cxxabiv1::__class_type_info::__upcast_result&) const
 .text._ZN10__cxxabiv117__class_type_infoD2Ev
                0x0001a650       0x14 r:/fehqt/proteus/gcc/bin/../lib/gcc/arm-none-eabi/4.6.2/../../../../arm-none-eabi/lib/armv7e-m\libsupc++.a(class_type_info.o)
                0x0001a650                __cxxabiv1::__class_type_info::~__class_type_info()
                0x0001a650                __cxxabiv1::__class_type_info::~__class_type_info()
 .text._ZN10__cxxabiv117__class_type_infoD0Ev
                0x0001a664       0x1c r:/fehqt/proteus/gcc/bin/../lib/gcc/arm-none-eabi/4.6.2/../../../../arm-none-eabi/lib/armv7e-m\libsupc++.a(class_type_info.o)
                0x0001a664                __cxxabiv1::__class_type_info::~__class_type_info()
 .text._ZNK10__cxxabiv117__class_type_info12__do_dyncastEiNS0_10__sub_kindEPKS0_PKvS3_S5_RNS0_16__dyncast_resultE
                0x0001a680       0x3c r:/fehqt/proteus/gcc/bin/../lib/gcc/arm-none-eabi/4.6.2/../../../../arm-none-eabi/lib/armv7e-m\libsupc++.a(class_type_info.o)
                0x0001a680                __cxxabiv1::__class_type_info::__do_dyncast(int, __cxxabiv1::__class_type_info::__sub_kind, __cxxabiv1::__class_type_info const*, void const*, __cxxabiv1::__class_type_info const*, void const*, __cxxabiv1::__class_type_info::__dyncast_result&) const
 .text._ZNK10__cxxabiv117__class_type_info10__do_catchEPKSt9type_infoPPvj
                0x0001a6bc       0x28 r:/fehqt/proteus/gcc/bin/../lib/gcc/arm-none-eabi/4.6.2/../../../../arm-none-eabi/lib/armv7e-m\libsupc++.a(class_type_info.o)
                0x0001a6bc                __cxxabiv1::__class_type_info::__do_catch(std::type_info const*, void**, unsigned int) const
 .text.__cxa_allocate_exception
                0x0001a6e4       0x70 r:/fehqt/proteus/gcc/bin/../lib/gcc/arm-none-eabi/4.6.2/../../../../arm-none-eabi/lib/armv7e-m\libsupc++.a(eh_alloc.o)
                0x0001a6e4                __cxa_allocate_exception
 .text.__cxa_free_exception
                0x0001a754       0x34 r:/fehqt/proteus/gcc/bin/../lib/gcc/arm-none-eabi/4.6.2/../../../../arm-none-eabi/lib/armv7e-m\libsupc++.a(eh_alloc.o)
                0x0001a754                __cxa_free_exception
 .text.__cxa_end_cleanup
                0x0001a788        0xc r:/fehqt/proteus/gcc/bin/../lib/gcc/arm-none-eabi/4.6.2/../../../../arm-none-eabi/lib/armv7e-m\libsupc++.a(eh_arm.o)
                0x0001a788                __cxa_end_cleanup
 .text.__cxa_type_match
                0x0001a794       0xec r:/fehqt/proteus/gcc/bin/../lib/gcc/arm-none-eabi/4.6.2/../../../../arm-none-eabi/lib/armv7e-m\libsupc++.a(eh_arm.o)
                0x0001a794                __cxa_type_match
 .text.__cxa_begin_cleanup
                0x0001a880       0x78 r:/fehqt/proteus/gcc/bin/../lib/gcc/arm-none-eabi/4.6.2/../../../../arm-none-eabi/lib/armv7e-m\libsupc++.a(eh_arm.o)
                0x0001a880                __cxa_begin_cleanup
 .text.__gnu_end_cleanup
                0x0001a8f8       0x7c r:/fehqt/proteus/gcc/bin/../lib/gcc/arm-none-eabi/4.6.2/../../../../arm-none-eabi/lib/armv7e-m\libsupc++.a(eh_arm.o)
                0x0001a8f8                __gnu_end_cleanup
 .text.__cxa_bad_typeid
                0x0001a974       0x24 r:/fehqt/proteus/gcc/bin/../lib/gcc/arm-none-eabi/4.6.2/../../../../arm-none-eabi/lib/armv7e-m\libsupc++.a(eh_aux_runtime.o)
                0x0001a974                __cxa_bad_typeid
 .text.__cxa_call_terminate
                0x0001a998       0x50 r:/fehqt/proteus/gcc/bin/../lib/gcc/arm-none-eabi/4.6.2/../../../../arm-none-eabi/lib/armv7e-m\libsupc++.a(eh_call.o)
                0x0001a998                __cxa_call_terminate
 .text.__cxa_call_unexpected
                0x0001a9e8      0x120 r:/fehqt/proteus/gcc/bin/../lib/gcc/arm-none-eabi/4.6.2/../../../../arm-none-eabi/lib/armv7e-m\libsupc++.a(eh_call.o)
                0x0001a9e8                __cxa_call_unexpected
 .text.__cxa_begin_catch
                0x0001ab08       0x98 r:/fehqt/proteus/gcc/bin/../lib/gcc/arm-none-eabi/4.6.2/../../../../arm-none-eabi/lib/armv7e-m\libsupc++.a(eh_catch.o)
                0x0001ab08                __cxa_begin_catch
 .text.__cxa_end_catch
                0x0001aba0       0x98 r:/fehqt/proteus/gcc/bin/../lib/gcc/arm-none-eabi/4.6.2/../../../../arm-none-eabi/lib/armv7e-m\libsupc++.a(eh_catch.o)
                0x0001aba0                __cxa_end_catch
 .text._ZNSt9exceptionD2Ev
                0x0001ac38        0xc r:/fehqt/proteus/gcc/bin/../lib/gcc/arm-none-eabi/4.6.2/../../../../arm-none-eabi/lib/armv7e-m\libsupc++.a(eh_exception.o)
                0x0001ac38                std::exception::~exception()
                0x0001ac38                std::exception::~exception()
 .text._ZNSt13bad_exceptionD2Ev
                0x0001ac44        0xc r:/fehqt/proteus/gcc/bin/../lib/gcc/arm-none-eabi/4.6.2/../../../../arm-none-eabi/lib/armv7e-m\libsupc++.a(eh_exception.o)
                0x0001ac44                std::bad_exception::~bad_exception()
                0x0001ac44                std::bad_exception::~bad_exception()
 .text._ZNKSt9exception4whatEv
                0x0001ac50        0xc r:/fehqt/proteus/gcc/bin/../lib/gcc/arm-none-eabi/4.6.2/../../../../arm-none-eabi/lib/armv7e-m\libsupc++.a(eh_exception.o)
                0x0001ac50                std::exception::what() const
 .text._ZNKSt13bad_exception4whatEv
                0x0001ac5c        0xc r:/fehqt/proteus/gcc/bin/../lib/gcc/arm-none-eabi/4.6.2/../../../../arm-none-eabi/lib/armv7e-m\libsupc++.a(eh_exception.o)
                0x0001ac5c                std::bad_exception::what() const
 .text._ZNSt13bad_exceptionD0Ev
                0x0001ac68       0x14 r:/fehqt/proteus/gcc/bin/../lib/gcc/arm-none-eabi/4.6.2/../../../../arm-none-eabi/lib/armv7e-m\libsupc++.a(eh_exception.o)
                0x0001ac68                std::bad_exception::~bad_exception()
 .text._ZNSt9exceptionD0Ev
                0x0001ac7c       0x14 r:/fehqt/proteus/gcc/bin/../lib/gcc/arm-none-eabi/4.6.2/../../../../arm-none-eabi/lib/armv7e-m\libsupc++.a(eh_exception.o)
                0x0001ac7c                std::exception::~exception()
 .text.__cxa_get_globals_fast
                0x0001ac90        0xc r:/fehqt/proteus/gcc/bin/../lib/gcc/arm-none-eabi/4.6.2/../../../../arm-none-eabi/lib/armv7e-m\libsupc++.a(eh_globals.o)
                0x0001ac90                __cxa_get_globals_fast
 .text.__cxa_get_globals
                0x0001ac9c        0xc r:/fehqt/proteus/gcc/bin/../lib/gcc/arm-none-eabi/4.6.2/../../../../arm-none-eabi/lib/armv7e-m\libsupc++.a(eh_globals.o)
                0x0001ac9c                __cxa_get_globals
 .text._ZL12read_sleb128PKhPl
                0x0001aca8       0x3c r:/fehqt/proteus/gcc/bin/../lib/gcc/arm-none-eabi/4.6.2/../../../../arm-none-eabi/lib/armv7e-m\libsupc++.a(eh_personality.o)
 .text._ZL28read_encoded_value_with_basehjPKhPj
                0x0001ace4       0xa4 r:/fehqt/proteus/gcc/bin/../lib/gcc/arm-none-eabi/4.6.2/../../../../arm-none-eabi/lib/armv7e-m\libsupc++.a(eh_personality.o)
 .text._ZL21base_of_encoded_valuehP15_Unwind_Context
                0x0001ad88       0x4c r:/fehqt/proteus/gcc/bin/../lib/gcc/arm-none-eabi/4.6.2/../../../../arm-none-eabi/lib/armv7e-m\libsupc++.a(eh_personality.o)
 .text._ZL17parse_lsda_headerP15_Unwind_ContextPKhP16lsda_header_info.constprop.1
                0x0001add4       0x90 r:/fehqt/proteus/gcc/bin/../lib/gcc/arm-none-eabi/4.6.2/../../../../arm-none-eabi/lib/armv7e-m\libsupc++.a(eh_personality.o)
 .text.__gxx_personality_v0
                0x0001ae64      0x3bc r:/fehqt/proteus/gcc/bin/../lib/gcc/arm-none-eabi/4.6.2/../../../../arm-none-eabi/lib/armv7e-m\libsupc++.a(eh_personality.o)
                0x0001ae64                __gxx_personality_v0
 .text._ZN10__cxxabiv111__terminateEPFvvE
                0x0001b220       0x28 r:/fehqt/proteus/gcc/bin/../lib/gcc/arm-none-eabi/4.6.2/../../../../arm-none-eabi/lib/armv7e-m\libsupc++.a(eh_terminate.o)
                0x0001b220                __cxxabiv1::__terminate(void (*)())
 .text._ZSt9terminatev
                0x0001b248       0x10 r:/fehqt/proteus/gcc/bin/../lib/gcc/arm-none-eabi/4.6.2/../../../../arm-none-eabi/lib/armv7e-m\libsupc++.a(eh_terminate.o)
                0x0001b248                std::terminate()
 .text._ZN10__cxxabiv112__unexpectedEPFvvE
                0x0001b258        0x8 r:/fehqt/proteus/gcc/bin/../lib/gcc/arm-none-eabi/4.6.2/../../../../arm-none-eabi/lib/armv7e-m\libsupc++.a(eh_terminate.o)
                0x0001b258                __cxxabiv1::__unexpected(void (*)())
 .text._ZSt10unexpectedv
                0x0001b260       0x14 r:/fehqt/proteus/gcc/bin/../lib/gcc/arm-none-eabi/4.6.2/../../../../arm-none-eabi/lib/armv7e-m\libsupc++.a(eh_terminate.o)
                0x0001b260                std::unexpected()
 .text._ZL23__gxx_exception_cleanup19_Unwind_Reason_CodeP21_Unwind_Control_Block
                0x0001b274       0x4c r:/fehqt/proteus/gcc/bin/../lib/gcc/arm-none-eabi/4.6.2/../../../../arm-none-eabi/lib/armv7e-m\libsupc++.a(eh_throw.o)
 .text.__cxa_throw
                0x0001b2c0       0x80 r:/fehqt/proteus/gcc/bin/../lib/gcc/arm-none-eabi/4.6.2/../../../../arm-none-eabi/lib/armv7e-m\libsupc++.a(eh_throw.o)
                0x0001b2c0                __cxa_throw
 .text.__cxa_rethrow
                0x0001b340       0x78 r:/fehqt/proteus/gcc/bin/../lib/gcc/arm-none-eabi/4.6.2/../../../../arm-none-eabi/lib/armv7e-m\libsupc++.a(eh_throw.o)
                0x0001b340                __cxa_rethrow
 .text._ZN10__cxxabiv123__fundamental_type_infoD2Ev
                0x0001b3b8       0x14 r:/fehqt/proteus/gcc/bin/../lib/gcc/arm-none-eabi/4.6.2/../../../../arm-none-eabi/lib/armv7e-m\libsupc++.a(fundamental_type_info.o)
                0x0001b3b8                __cxxabiv1::__fundamental_type_info::~__fundamental_type_info()
                0x0001b3b8                __cxxabiv1::__fundamental_type_info::~__fundamental_type_info()
 .text._ZN10__cxxabiv123__fundamental_type_infoD0Ev
                0x0001b3cc       0x1c r:/fehqt/proteus/gcc/bin/../lib/gcc/arm-none-eabi/4.6.2/../../../../arm-none-eabi/lib/armv7e-m\libsupc++.a(fundamental_type_info.o)
                0x0001b3cc                __cxxabiv1::__fundamental_type_info::~__fundamental_type_info()
 .text._ZNK10__cxxabiv119__pointer_type_info14__is_pointer_pEv
                0x0001b3e8        0x4 r:/fehqt/proteus/gcc/bin/../lib/gcc/arm-none-eabi/4.6.2/../../../../arm-none-eabi/lib/armv7e-m\libsupc++.a(pointer_type_info.o)
                0x0001b3e8                __cxxabiv1::__pointer_type_info::__is_pointer_p() const
 .text._ZN10__cxxabiv119__pointer_type_infoD2Ev
                0x0001b3ec       0x14 r:/fehqt/proteus/gcc/bin/../lib/gcc/arm-none-eabi/4.6.2/../../../../arm-none-eabi/lib/armv7e-m\libsupc++.a(pointer_type_info.o)
                0x0001b3ec                __cxxabiv1::__pointer_type_info::~__pointer_type_info()
                0x0001b3ec                __cxxabiv1::__pointer_type_info::~__pointer_type_info()
 .text._ZN10__cxxabiv119__pointer_type_infoD0Ev
                0x0001b400       0x1c r:/fehqt/proteus/gcc/bin/../lib/gcc/arm-none-eabi/4.6.2/../../../../arm-none-eabi/lib/armv7e-m\libsupc++.a(pointer_type_info.o)
                0x0001b400                __cxxabiv1::__pointer_type_info::~__pointer_type_info()
 .text._ZNK10__cxxabiv119__pointer_type_info15__pointer_catchEPKNS_17__pbase_type_infoEPPvj
                0x0001b41c       0x44 r:/fehqt/proteus/gcc/bin/../lib/gcc/arm-none-eabi/4.6.2/../../../../arm-none-eabi/lib/armv7e-m\libsupc++.a(pointer_type_info.o)
                0x0001b41c                __cxxabiv1::__pointer_type_info::__pointer_catch(__cxxabiv1::__pbase_type_info const*, void**, unsigned int) const
 .text._ZN10__cxxabiv120__si_class_type_infoD2Ev
                0x0001b460       0x14 r:/fehqt/proteus/gcc/bin/../lib/gcc/arm-none-eabi/4.6.2/../../../../arm-none-eabi/lib/armv7e-m\libsupc++.a(si_class_type_info.o)
                0x0001b460                __cxxabiv1::__si_class_type_info::~__si_class_type_info()
                0x0001b460                __cxxabiv1::__si_class_type_info::~__si_class_type_info()
 .text._ZN10__cxxabiv120__si_class_type_infoD0Ev
                0x0001b474       0x1c r:/fehqt/proteus/gcc/bin/../lib/gcc/arm-none-eabi/4.6.2/../../../../arm-none-eabi/lib/armv7e-m\libsupc++.a(si_class_type_info.o)
                0x0001b474                __cxxabiv1::__si_class_type_info::~__si_class_type_info()
 .text._ZNK10__cxxabiv120__si_class_type_info11__do_upcastEPKNS_17__class_type_infoEPKvRNS1_15__upcast_resultE
                0x0001b490       0x24 r:/fehqt/proteus/gcc/bin/../lib/gcc/arm-none-eabi/4.6.2/../../../../arm-none-eabi/lib/armv7e-m\libsupc++.a(si_class_type_info.o)
                0x0001b490                __cxxabiv1::__si_class_type_info::__do_upcast(__cxxabiv1::__class_type_info const*, void const*, __cxxabiv1::__class_type_info::__upcast_result&) const
 .text._ZNK10__cxxabiv120__si_class_type_info12__do_dyncastEiNS_17__class_type_info10__sub_kindEPKS1_PKvS4_S6_RNS1_16__dyncast_resultE
                0x0001b4b4       0x94 r:/fehqt/proteus/gcc/bin/../lib/gcc/arm-none-eabi/4.6.2/../../../../arm-none-eabi/lib/armv7e-m\libsupc++.a(si_class_type_info.o)
                0x0001b4b4                __cxxabiv1::__si_class_type_info::__do_dyncast(int, __cxxabiv1::__class_type_info::__sub_kind, __cxxabiv1::__class_type_info const*, void const*, __cxxabiv1::__class_type_info const*, void const*, __cxxabiv1::__class_type_info::__dyncast_result&) const
 .text._ZNK10__cxxabiv120__si_class_type_info20__do_find_public_srcEiPKvPKNS_17__class_type_infoES2_
                0x0001b548       0x34 r:/fehqt/proteus/gcc/bin/../lib/gcc/arm-none-eabi/4.6.2/../../../../arm-none-eabi/lib/armv7e-m\libsupc++.a(si_class_type_info.o)
                0x0001b548                __cxxabiv1::__si_class_type_info::__do_find_public_src(int, void const*, __cxxabiv1::__class_type_info const*, void const*) const
 .text._ZNSt9type_infoD2Ev
                0x0001b57c        0xc r:/fehqt/proteus/gcc/bin/../lib/gcc/arm-none-eabi/4.6.2/../../../../arm-none-eabi/lib/armv7e-m\libsupc++.a(tinfo.o)
                0x0001b57c                std::type_info::~type_info()
                0x0001b57c                std::type_info::~type_info()
 .text._ZNKSt9type_info14__is_pointer_pEv
                0x0001b588        0x4 r:/fehqt/proteus/gcc/bin/../lib/gcc/arm-none-eabi/4.6.2/../../../../arm-none-eabi/lib/armv7e-m\libsupc++.a(tinfo.o)
                0x0001b588                std::type_info::__is_pointer_p() const
 .text._ZNKSt9type_info15__is_function_pEv
                0x0001b58c        0x4 r:/fehqt/proteus/gcc/bin/../lib/gcc/arm-none-eabi/4.6.2/../../../../arm-none-eabi/lib/armv7e-m\libsupc++.a(tinfo.o)
                0x0001b58c                std::type_info::__is_function_p() const
 .text._ZNKSt9type_info11__do_upcastEPKN10__cxxabiv117__class_type_infoEPPv
                0x0001b590        0x4 r:/fehqt/proteus/gcc/bin/../lib/gcc/arm-none-eabi/4.6.2/../../../../arm-none-eabi/lib/armv7e-m\libsupc++.a(tinfo.o)
                0x0001b590                std::type_info::__do_upcast(__cxxabiv1::__class_type_info const*, void**) const
 .text._ZNSt9type_infoD0Ev
                0x0001b594       0x14 r:/fehqt/proteus/gcc/bin/../lib/gcc/arm-none-eabi/4.6.2/../../../../arm-none-eabi/lib/armv7e-m\libsupc++.a(tinfo.o)
                0x0001b594                std::type_info::~type_info()
 .text._ZNKSt9type_infoeqERKS_
                0x0001b5a8       0x30 r:/fehqt/proteus/gcc/bin/../lib/gcc/arm-none-eabi/4.6.2/../../../../arm-none-eabi/lib/armv7e-m\libsupc++.a(tinfo.o)
                0x0001b5a8                std::type_info::operator==(std::type_info const&) const
 .text._ZNKSt9type_info10__do_catchEPKS_PPvj
                0x0001b5d8        0x4 r:/fehqt/proteus/gcc/bin/../lib/gcc/arm-none-eabi/4.6.2/../../../../arm-none-eabi/lib/armv7e-m\libsupc++.a(tinfo.o)
                0x0001b5d8                std::type_info::__do_catch(std::type_info const*, void**, unsigned int) const
 .text._ZNKSt10bad_typeid4whatEv
                0x0001b5dc        0xc r:/fehqt/proteus/gcc/bin/../lib/gcc/arm-none-eabi/4.6.2/../../../../arm-none-eabi/lib/armv7e-m\libsupc++.a(bad_typeid.o)
                0x0001b5dc                std::bad_typeid::what() const
 .text._ZNSt10bad_typeidD2Ev
                0x0001b5e8       0x14 r:/fehqt/proteus/gcc/bin/../lib/gcc/arm-none-eabi/4.6.2/../../../../arm-none-eabi/lib/armv7e-m\libsupc++.a(bad_typeid.o)
                0x0001b5e8                std::bad_typeid::~bad_typeid()
                0x0001b5e8                std::bad_typeid::~bad_typeid()
 .text._ZNSt10bad_typeidD0Ev
                0x0001b5fc       0x1c r:/fehqt/proteus/gcc/bin/../lib/gcc/arm-none-eabi/4.6.2/../../../../arm-none-eabi/lib/armv7e-m\libsupc++.a(bad_typeid.o)
                0x0001b5fc                std::bad_typeid::~bad_typeid()
 .text._ZNK10__cxxabiv117__pbase_type_info15__pointer_catchEPKS0_PPvj
                0x0001b618       0x10 r:/fehqt/proteus/gcc/bin/../lib/gcc/arm-none-eabi/4.6.2/../../../../arm-none-eabi/lib/armv7e-m\libsupc++.a(pbase_type_info.o)
                0x0001b618                __cxxabiv1::__pbase_type_info::__pointer_catch(__cxxabiv1::__pbase_type_info const*, void**, unsigned int) const
 .text._ZN10__cxxabiv117__pbase_type_infoD2Ev
                0x0001b628       0x14 r:/fehqt/proteus/gcc/bin/../lib/gcc/arm-none-eabi/4.6.2/../../../../arm-none-eabi/lib/armv7e-m\libsupc++.a(pbase_type_info.o)
                0x0001b628                __cxxabiv1::__pbase_type_info::~__pbase_type_info()
                0x0001b628                __cxxabiv1::__pbase_type_info::~__pbase_type_info()
 .text._ZN10__cxxabiv117__pbase_type_infoD0Ev
                0x0001b63c       0x1c r:/fehqt/proteus/gcc/bin/../lib/gcc/arm-none-eabi/4.6.2/../../../../arm-none-eabi/lib/armv7e-m\libsupc++.a(pbase_type_info.o)
                0x0001b63c                __cxxabiv1::__pbase_type_info::~__pbase_type_info()
 .text._ZNK10__cxxabiv117__pbase_type_info10__do_catchEPKSt9type_infoPPvj
                0x0001b658       0x68 r:/fehqt/proteus/gcc/bin/../lib/gcc/arm-none-eabi/4.6.2/../../../../arm-none-eabi/lib/armv7e-m\libsupc++.a(pbase_type_info.o)
                0x0001b658                __cxxabiv1::__pbase_type_info::__do_catch(std::type_info const*, void**, unsigned int) const
 .text.abort    0x0001b6c0       0x24 R:\fehqt\Proteus/EWL/lib/armv7e-m\libc.a(abort.o)
                0x0001b6c0                abort
 .text.sbrk     0x0001b6e4       0x28 R:\fehqt\Proteus/EWL/lib/armv7e-m\libc.a(alloc.o)
                0x0001b6e4                sbrk
 .text.malloc   0x0001b70c      0x110 R:\fehqt\Proteus/EWL/lib/armv7e-m\libc.a(alloc.o)
                0x0001b70c                malloc
 .text.free     0x0001b81c       0x10 R:\fehqt\Proteus/EWL/lib/armv7e-m\libc.a(alloc.o)
                0x0001b81c                free
 .text.raise    0x0001b82c       0x3c R:\fehqt\Proteus/EWL/lib/armv7e-m\libc.a(raise.o)
                0x0001b82c                raise
 *(.rodata)
 .rodata        0x0001b868       0x20 ..\main.o
 .rodata        0x0001b888       0x5c ..\DriveSystem.o
 .rodata        0x0001b8e4       0x78 Libraries\FEHIO.o
 .rodata        0x0001b95c       0x34 Libraries\FEHLCD.o
 .rodata        0x0001b990      0x220 Libraries\FEHRPS.o
 *(.rodata*)
 .rodata._ZL9GPIOPorts
                0x0001bbb0       0x20 Libraries\FEHIO.o
 .rodata._ZL10ADCNumbers
                0x0001bbd0       0x24 Libraries\FEHIO.o
 .rodata._ZL14GPIOPinNumbers
                0x0001bbf4       0x80 Libraries\FEHIO.o
 .rodata._ZL16AnalogPinNumbers
                0x0001bc74       0x84 Libraries\FEHIO.o
 .rodata.dp_h   0x0001bcf8        0x8 R:\fehqt\Proteus/EWL/lib/armv7e-m\libm.a(e_powf.o)
 .rodata.dp_l   0x0001bd00        0x8 R:\fehqt\Proteus/EWL/lib/armv7e-m\libm.a(e_powf.o)
 .rodata.bp     0x0001bd08        0x8 R:\fehqt\Proteus/EWL/lib/armv7e-m\libm.a(e_powf.o)
 .rodata.atanlo
                0x0001bd10       0x20 R:\fehqt\Proteus/EWL/lib/armv7e-m\libm.a(s_atan.o)
 .rodata.atanhi
                0x0001bd30       0x20 R:\fehqt\Proteus/EWL/lib/armv7e-m\libm.a(s_atan.o)
 .rodata.atanlo
                0x0001bd50       0x10 R:\fehqt\Proteus/EWL/lib/armv7e-m\libm.a(s_atanf.o)
 .rodata.atanhi
                0x0001bd60       0x10 R:\fehqt\Proteus/EWL/lib/armv7e-m\libm.a(s_atanf.o)
 .rodata.str1.1
                0x00000000        0x0 R:\fehqt\Proteus/EWL/lib/armv7e-m\libc.a(printformat_.o)
                                  0x1 (size before relaxing)
 .rodata.__aeabi_ctype_table_C
                0x0001bd70      0x101 R:\fehqt\Proteus/EWL/lib/armv7e-m\libc.a(ctype_aeabi.o)
                0x0001bd70                __aeabi_ctype_table_C
 *fill*         0x0001be71        0x7 00
 .rodata._ZTVSt9bad_alloc
                0x0001be78       0x18 R:\fehqt\Proteus/EWL/lib/armv7e-m\librt.a(New.o)
                0x0001be78                vtable for std::bad_alloc
 .rodata._ZTISt9bad_alloc
                0x0001be90        0xc R:\fehqt\Proteus/EWL/lib/armv7e-m\librt.a(New.o)
                0x0001be90                typeinfo for std::bad_alloc
 .rodata._ZTSSt9bad_alloc
                0x0001be9c        0xd R:\fehqt\Proteus/EWL/lib/armv7e-m\librt.a(New.o)
                0x0001be9c                typeinfo name for std::bad_alloc
 .rodata.str1.1
                0x0001bea9       0x14 R:\fehqt\Proteus/EWL/lib/armv7e-m\librt.a(New.o)
 *fill*         0x0001bebd        0x3 00
 .rodata._ZTVN10__cxxabiv117__class_type_infoE
                0x0001bec0       0x30 r:/fehqt/proteus/gcc/bin/../lib/gcc/arm-none-eabi/4.6.2/../../../../arm-none-eabi/lib/armv7e-m\libsupc++.a(class_type_info.o)
                0x0001bec0                vtable for __cxxabiv1::__class_type_info
 .rodata._ZTIN10__cxxabiv117__class_type_infoE
                0x0001bef0        0xc r:/fehqt/proteus/gcc/bin/../lib/gcc/arm-none-eabi/4.6.2/../../../../arm-none-eabi/lib/armv7e-m\libsupc++.a(class_type_info.o)
                0x0001bef0                typeinfo for __cxxabiv1::__class_type_info
 .rodata._ZTSN10__cxxabiv117__class_type_infoE
                0x0001befc       0x24 r:/fehqt/proteus/gcc/bin/../lib/gcc/arm-none-eabi/4.6.2/../../../../arm-none-eabi/lib/armv7e-m\libsupc++.a(class_type_info.o)
                0x0001befc                typeinfo name for __cxxabiv1::__class_type_info
 .rodata._ZTVSt9exception
                0x0001bf20       0x18 r:/fehqt/proteus/gcc/bin/../lib/gcc/arm-none-eabi/4.6.2/../../../../arm-none-eabi/lib/armv7e-m\libsupc++.a(eh_exception.o)
                0x0001bf20                vtable for std::exception
 .rodata._ZTIN10__cxxabiv115__forced_unwindE
                0x0001bf38        0x8 r:/fehqt/proteus/gcc/bin/../lib/gcc/arm-none-eabi/4.6.2/../../../../arm-none-eabi/lib/armv7e-m\libsupc++.a(eh_exception.o)
                0x0001bf38                typeinfo for __cxxabiv1::__forced_unwind
 .rodata._ZTISt9exception
                0x0001bf40        0x8 r:/fehqt/proteus/gcc/bin/../lib/gcc/arm-none-eabi/4.6.2/../../../../arm-none-eabi/lib/armv7e-m\libsupc++.a(eh_exception.o)
                0x0001bf40                typeinfo for std::exception
 .rodata._ZTSSt13bad_exception
                0x0001bf48       0x14 r:/fehqt/proteus/gcc/bin/../lib/gcc/arm-none-eabi/4.6.2/../../../../arm-none-eabi/lib/armv7e-m\libsupc++.a(eh_exception.o)
                0x0001bf48                typeinfo name for std::bad_exception
 .rodata.str1.4
                0x0001bf5c       0x23 r:/fehqt/proteus/gcc/bin/../lib/gcc/arm-none-eabi/4.6.2/../../../../arm-none-eabi/lib/armv7e-m\libsupc++.a(eh_exception.o)
                                 0x24 (size before relaxing)
 *fill*         0x0001bf7f        0x1 00
 .rodata._ZTSN10__cxxabiv119__foreign_exceptionE
                0x0001bf80       0x24 r:/fehqt/proteus/gcc/bin/../lib/gcc/arm-none-eabi/4.6.2/../../../../arm-none-eabi/lib/armv7e-m\libsupc++.a(eh_exception.o)
                0x0001bf80                typeinfo name for __cxxabiv1::__foreign_exception
 .rodata._ZTIN10__cxxabiv119__foreign_exceptionE
                0x0001bfa4        0x8 r:/fehqt/proteus/gcc/bin/../lib/gcc/arm-none-eabi/4.6.2/../../../../arm-none-eabi/lib/armv7e-m\libsupc++.a(eh_exception.o)
                0x0001bfa4                typeinfo for __cxxabiv1::__foreign_exception
 *fill*         0x0001bfac        0x4 00
 .rodata._ZTVSt13bad_exception
                0x0001bfb0       0x18 r:/fehqt/proteus/gcc/bin/../lib/gcc/arm-none-eabi/4.6.2/../../../../arm-none-eabi/lib/armv7e-m\libsupc++.a(eh_exception.o)
                0x0001bfb0                vtable for std::bad_exception
 .rodata._ZTSSt9exception
                0x0001bfc8       0x10 r:/fehqt/proteus/gcc/bin/../lib/gcc/arm-none-eabi/4.6.2/../../../../arm-none-eabi/lib/armv7e-m\libsupc++.a(eh_exception.o)
                0x0001bfc8                typeinfo name for std::exception
 .rodata._ZTSN10__cxxabiv115__forced_unwindE
                0x0001bfd8       0x20 r:/fehqt/proteus/gcc/bin/../lib/gcc/arm-none-eabi/4.6.2/../../../../arm-none-eabi/lib/armv7e-m\libsupc++.a(eh_exception.o)
                0x0001bfd8                typeinfo name for __cxxabiv1::__forced_unwind
 .rodata._ZTISt13bad_exception
                0x0001bff8        0xc r:/fehqt/proteus/gcc/bin/../lib/gcc/arm-none-eabi/4.6.2/../../../../arm-none-eabi/lib/armv7e-m\libsupc++.a(eh_exception.o)
                0x0001bff8                typeinfo for std::bad_exception
 .rodata._ZTIPv
                0x0001c004       0x10 r:/fehqt/proteus/gcc/bin/../lib/gcc/arm-none-eabi/4.6.2/../../../../arm-none-eabi/lib/armv7e-m\libsupc++.a(fundamental_type_info.o)
                0x0001c004                typeinfo for void*
 .rodata._ZTIv  0x0001c014        0x8 r:/fehqt/proteus/gcc/bin/../lib/gcc/arm-none-eabi/4.6.2/../../../../arm-none-eabi/lib/armv7e-m\libsupc++.a(fundamental_type_info.o)
                0x0001c014                typeinfo for void
 .rodata._ZTSPv
                0x0001c01c        0x4 r:/fehqt/proteus/gcc/bin/../lib/gcc/arm-none-eabi/4.6.2/../../../../arm-none-eabi/lib/armv7e-m\libsupc++.a(fundamental_type_info.o)
                0x0001c01c                typeinfo name for void*
 .rodata._ZTSv  0x0001c020        0x4 r:/fehqt/proteus/gcc/bin/../lib/gcc/arm-none-eabi/4.6.2/../../../../arm-none-eabi/lib/armv7e-m\libsupc++.a(fundamental_type_info.o)
                0x0001c020                typeinfo name for void
 .rodata._ZTIN10__cxxabiv123__fundamental_type_infoE
                0x0001c024        0xc r:/fehqt/proteus/gcc/bin/../lib/gcc/arm-none-eabi/4.6.2/../../../../arm-none-eabi/lib/armv7e-m\libsupc++.a(fundamental_type_info.o)
                0x0001c024                typeinfo for __cxxabiv1::__fundamental_type_info
 .rodata._ZTSN10__cxxabiv123__fundamental_type_infoE
                0x0001c030       0x28 r:/fehqt/proteus/gcc/bin/../lib/gcc/arm-none-eabi/4.6.2/../../../../arm-none-eabi/lib/armv7e-m\libsupc++.a(fundamental_type_info.o)
                0x0001c030                typeinfo name for __cxxabiv1::__fundamental_type_info
 .rodata._ZTVN10__cxxabiv123__fundamental_type_infoE
                0x0001c058       0x20 r:/fehqt/proteus/gcc/bin/../lib/gcc/arm-none-eabi/4.6.2/../../../../arm-none-eabi/lib/armv7e-m\libsupc++.a(fundamental_type_info.o)
                0x0001c058                vtable for __cxxabiv1::__fundamental_type_info
 .rodata._ZTSN10__cxxabiv119__pointer_type_infoE
                0x0001c078       0x24 r:/fehqt/proteus/gcc/bin/../lib/gcc/arm-none-eabi/4.6.2/../../../../arm-none-eabi/lib/armv7e-m\libsupc++.a(pointer_type_info.o)
                0x0001c078                typeinfo name for __cxxabiv1::__pointer_type_info
 .rodata._ZTIN10__cxxabiv119__pointer_type_infoE
                0x0001c09c        0xc r:/fehqt/proteus/gcc/bin/../lib/gcc/arm-none-eabi/4.6.2/../../../../arm-none-eabi/lib/armv7e-m\libsupc++.a(pointer_type_info.o)
                0x0001c09c                typeinfo for __cxxabiv1::__pointer_type_info
 .rodata._ZTVN10__cxxabiv119__pointer_type_infoE
                0x0001c0a8       0x28 r:/fehqt/proteus/gcc/bin/../lib/gcc/arm-none-eabi/4.6.2/../../../../arm-none-eabi/lib/armv7e-m\libsupc++.a(pointer_type_info.o)
                0x0001c0a8                vtable for __cxxabiv1::__pointer_type_info
 .rodata._ZTVN10__cxxabiv120__si_class_type_infoE
                0x0001c0d0       0x30 r:/fehqt/proteus/gcc/bin/../lib/gcc/arm-none-eabi/4.6.2/../../../../arm-none-eabi/lib/armv7e-m\libsupc++.a(si_class_type_info.o)
                0x0001c0d0                vtable for __cxxabiv1::__si_class_type_info
 .rodata._ZTIN10__cxxabiv120__si_class_type_infoE
                0x0001c100        0xc r:/fehqt/proteus/gcc/bin/../lib/gcc/arm-none-eabi/4.6.2/../../../../arm-none-eabi/lib/armv7e-m\libsupc++.a(si_class_type_info.o)
                0x0001c100                typeinfo for __cxxabiv1::__si_class_type_info
 .rodata._ZTSN10__cxxabiv120__si_class_type_infoE
                0x0001c10c       0x28 r:/fehqt/proteus/gcc/bin/../lib/gcc/arm-none-eabi/4.6.2/../../../../arm-none-eabi/lib/armv7e-m\libsupc++.a(si_class_type_info.o)
                0x0001c10c                typeinfo name for __cxxabiv1::__si_class_type_info
 .rodata._ZTISt9type_info
                0x0001c134        0x8 r:/fehqt/proteus/gcc/bin/../lib/gcc/arm-none-eabi/4.6.2/../../../../arm-none-eabi/lib/armv7e-m\libsupc++.a(tinfo.o)
                0x0001c134                typeinfo for std::type_info
 .rodata._ZTSSt9type_info
                0x0001c13c       0x10 r:/fehqt/proteus/gcc/bin/../lib/gcc/arm-none-eabi/4.6.2/../../../../arm-none-eabi/lib/armv7e-m\libsupc++.a(tinfo.o)
                0x0001c13c                typeinfo name for std::type_info
 *fill*         0x0001c14c        0x4 00
 .rodata._ZTVSt9type_info
                0x0001c150       0x20 r:/fehqt/proteus/gcc/bin/../lib/gcc/arm-none-eabi/4.6.2/../../../../arm-none-eabi/lib/armv7e-m\libsupc++.a(tinfo.o)
                0x0001c150                vtable for std::type_info
 .rodata._ZTVSt10bad_typeid
                0x0001c170       0x18 r:/fehqt/proteus/gcc/bin/../lib/gcc/arm-none-eabi/4.6.2/../../../../arm-none-eabi/lib/armv7e-m\libsupc++.a(bad_typeid.o)
                0x0001c170                vtable for std::bad_typeid
 .rodata._ZTISt10bad_typeid
                0x0001c188        0xc r:/fehqt/proteus/gcc/bin/../lib/gcc/arm-none-eabi/4.6.2/../../../../arm-none-eabi/lib/armv7e-m\libsupc++.a(bad_typeid.o)
                0x0001c188                typeinfo for std::bad_typeid
 .rodata.str1.4
                0x0001c194       0x10 r:/fehqt/proteus/gcc/bin/../lib/gcc/arm-none-eabi/4.6.2/../../../../arm-none-eabi/lib/armv7e-m\libsupc++.a(bad_typeid.o)
 .rodata._ZTSSt10bad_typeid
                0x0001c1a4       0x10 r:/fehqt/proteus/gcc/bin/../lib/gcc/arm-none-eabi/4.6.2/../../../../arm-none-eabi/lib/armv7e-m\libsupc++.a(bad_typeid.o)
                0x0001c1a4                typeinfo name for std::bad_typeid
 .rodata._ZTIN10__cxxabiv117__pbase_type_infoE
                0x0001c1b4        0xc r:/fehqt/proteus/gcc/bin/../lib/gcc/arm-none-eabi/4.6.2/../../../../arm-none-eabi/lib/armv7e-m\libsupc++.a(pbase_type_info.o)
                0x0001c1b4                typeinfo for __cxxabiv1::__pbase_type_info
 .rodata._ZTSN10__cxxabiv117__pbase_type_infoE
                0x0001c1c0       0x24 r:/fehqt/proteus/gcc/bin/../lib/gcc/arm-none-eabi/4.6.2/../../../../arm-none-eabi/lib/armv7e-m\libsupc++.a(pbase_type_info.o)
                0x0001c1c0                typeinfo name for __cxxabiv1::__pbase_type_info
 *fill*         0x0001c1e4        0x4 00
 .rodata._ZTVN10__cxxabiv117__pbase_type_infoE
                0x0001c1e8       0x28 r:/fehqt/proteus/gcc/bin/../lib/gcc/arm-none-eabi/4.6.2/../../../../arm-none-eabi/lib/armv7e-m\libsupc++.a(pbase_type_info.o)
                0x0001c1e8                vtable for __cxxabiv1::__pbase_type_info
 *(.glue_7)
 .glue_7        0x00000000        0x0 linker stubs
 *(.glue_7t)
 .glue_7t       0x00000000        0x0 linker stubs
 *(.eh_frame)
 *(.init)
 *(.fini)
                0x0001c210                . = ALIGN (0x4)
                0x0001c210                _etext = .

.vfp11_veneer   0x0001c210        0x0
 .vfp11_veneer  0x00000000        0x0 linker stubs

.v4_bx          0x0001c210        0x0
 .v4_bx         0x00000000        0x0 linker stubs

.ARM.extab      0x0001c210      0x114
 *(.ARM.extab* .gnu.linkonce.armextab.*)
 .ARM.extab.text._ZNSt9bad_allocD2Ev
                0x0001c210        0x0 R:\fehqt\Proteus/EWL/lib/armv7e-m\librt.a(New.o)
 .ARM.extab.text._ZNKSt9bad_alloc4whatEv
                0x0001c210        0x0 R:\fehqt\Proteus/EWL/lib/armv7e-m\librt.a(New.o)
 .ARM.extab.text._Znwj
                0x0001c210       0x20 R:\fehqt\Proteus/EWL/lib/armv7e-m\librt.a(New.o)
 .ARM.extab.text._ZNSt9bad_allocD0Ev
                0x0001c230        0x0 R:\fehqt\Proteus/EWL/lib/armv7e-m\librt.a(New.o)
 .ARM.extab.text.__cxa_bad_typeid
                0x0001c230        0xc r:/fehqt/proteus/gcc/bin/../lib/gcc/arm-none-eabi/4.6.2/../../../../arm-none-eabi/lib/armv7e-m\libsupc++.a(eh_aux_runtime.o)
 .ARM.extab.text.__cxa_call_unexpected
                0x0001c23c       0x28 r:/fehqt/proteus/gcc/bin/../lib/gcc/arm-none-eabi/4.6.2/../../../../arm-none-eabi/lib/armv7e-m\libsupc++.a(eh_call.o)
 .ARM.extab.text.__cxa_begin_catch
                0x0001c264       0x20 r:/fehqt/proteus/gcc/bin/../lib/gcc/arm-none-eabi/4.6.2/../../../../arm-none-eabi/lib/armv7e-m\libsupc++.a(eh_catch.o)
 .ARM.extab.text._ZL21base_of_encoded_valuehP15_Unwind_Context
                0x0001c284        0xc r:/fehqt/proteus/gcc/bin/../lib/gcc/arm-none-eabi/4.6.2/../../../../arm-none-eabi/lib/armv7e-m\libsupc++.a(eh_personality.o)
 .ARM.extab.text.__gxx_personality_v0
                0x0001c290       0x20 r:/fehqt/proteus/gcc/bin/../lib/gcc/arm-none-eabi/4.6.2/../../../../arm-none-eabi/lib/armv7e-m\libsupc++.a(eh_personality.o)
 .ARM.extab.text._ZN10__cxxabiv111__terminateEPFvvE
                0x0001c2b0       0x2c r:/fehqt/proteus/gcc/bin/../lib/gcc/arm-none-eabi/4.6.2/../../../../arm-none-eabi/lib/armv7e-m\libsupc++.a(eh_terminate.o)
 .ARM.extab.text._ZN10__cxxabiv112__unexpectedEPFvvE
                0x0001c2dc        0xc r:/fehqt/proteus/gcc/bin/../lib/gcc/arm-none-eabi/4.6.2/../../../../arm-none-eabi/lib/armv7e-m\libsupc++.a(eh_terminate.o)
 .ARM.extab.text._ZSt10unexpectedv
                0x0001c2e8        0xc r:/fehqt/proteus/gcc/bin/../lib/gcc/arm-none-eabi/4.6.2/../../../../arm-none-eabi/lib/armv7e-m\libsupc++.a(eh_terminate.o)
 .ARM.extab.text._ZNK10__cxxabiv117__pbase_type_info15__pointer_catchEPKS0_PPvj
                0x0001c2f4        0x0 r:/fehqt/proteus/gcc/bin/../lib/gcc/arm-none-eabi/4.6.2/../../../../arm-none-eabi/lib/armv7e-m\libsupc++.a(pbase_type_info.o)
 .ARM.extab     0x0001c2f4       0x18 r:/fehqt/proteus/gcc/bin/../lib/gcc/arm-none-eabi/4.6.2/armv7e-m\libgcc.a(unwind-arm.o)
 .ARM.extab     0x0001c30c       0x18 r:/fehqt/proteus/gcc/bin/../lib/gcc/arm-none-eabi/4.6.2/armv7e-m\libgcc.a(pr-support.o)

.ARM            0x0001c324      0x1f0
                0x0001c324                __exidx_start = .
 *(.ARM.exidx*)
 .ARM.exidx.text._ZNSt9bad_allocD2Ev
                0x0001c3e4        0x0 R:\fehqt\Proteus/EWL/lib/armv7e-m\librt.a(New.o)
                                  0x8 (size before relaxing)
 .ARM.exidx.text._ZNKSt9bad_alloc4whatEv
                0x0001c3e4        0x0 R:\fehqt\Proteus/EWL/lib/armv7e-m\librt.a(New.o)
                                  0x8 (size before relaxing)
 .ARM.exidx.text._Znwj
                0x0001c3e4        0x8 R:\fehqt\Proteus/EWL/lib/armv7e-m\librt.a(New.o)
 .ARM.exidx.text._ZdlPv
                0x0001c3ec        0x8 R:\fehqt\Proteus/EWL/lib/armv7e-m\librt.a(New.o)
 .ARM.exidx.text._ZNSt9bad_allocD0Ev
                0x0001c3f4        0x0 R:\fehqt\Proteus/EWL/lib/armv7e-m\librt.a(New.o)
                                  0x8 (size before relaxing)
 .ARM.exidx.text._ZNK10__cxxabiv117__class_type_info11__do_upcastEPKS0_PPv
                0x0001c3f4        0x8 r:/fehqt/proteus/gcc/bin/../lib/gcc/arm-none-eabi/4.6.2/../../../../arm-none-eabi/lib/armv7e-m\libsupc++.a(class_type_info.o)
 .ARM.exidx.text._ZNK10__cxxabiv117__class_type_info20__do_find_public_srcEiPKvPKS0_S2_
                0x0001c3fc        0x8 r:/fehqt/proteus/gcc/bin/../lib/gcc/arm-none-eabi/4.6.2/../../../../arm-none-eabi/lib/armv7e-m\libsupc++.a(class_type_info.o)
 .ARM.exidx.text._ZNK10__cxxabiv117__class_type_info11__do_upcastEPKS0_PKvRNS0_15__upcast_resultE
                0x0001c404        0x8 r:/fehqt/proteus/gcc/bin/../lib/gcc/arm-none-eabi/4.6.2/../../../../arm-none-eabi/lib/armv7e-m\libsupc++.a(class_type_info.o)
 .ARM.exidx.text._ZN10__cxxabiv117__class_type_infoD2Ev
                0x0001c40c        0x8 r:/fehqt/proteus/gcc/bin/../lib/gcc/arm-none-eabi/4.6.2/../../../../arm-none-eabi/lib/armv7e-m\libsupc++.a(class_type_info.o)
 .ARM.exidx.text._ZN10__cxxabiv117__class_type_infoD0Ev
                0x0001c414        0x0 r:/fehqt/proteus/gcc/bin/../lib/gcc/arm-none-eabi/4.6.2/../../../../arm-none-eabi/lib/armv7e-m\libsupc++.a(class_type_info.o)
                                  0x8 (size before relaxing)
 .ARM.exidx.text._ZNK10__cxxabiv117__class_type_info12__do_dyncastEiNS0_10__sub_kindEPKS0_PKvS3_S5_RNS0_16__dyncast_resultE
                0x0001c414        0x8 r:/fehqt/proteus/gcc/bin/../lib/gcc/arm-none-eabi/4.6.2/../../../../arm-none-eabi/lib/armv7e-m\libsupc++.a(class_type_info.o)
 .ARM.exidx.text._ZNK10__cxxabiv117__class_type_info10__do_catchEPKSt9type_infoPPvj
                0x0001c41c        0x8 r:/fehqt/proteus/gcc/bin/../lib/gcc/arm-none-eabi/4.6.2/../../../../arm-none-eabi/lib/armv7e-m\libsupc++.a(class_type_info.o)
 .ARM.exidx.text.__cxa_allocate_exception
                0x0001c424        0x8 r:/fehqt/proteus/gcc/bin/../lib/gcc/arm-none-eabi/4.6.2/../../../../arm-none-eabi/lib/armv7e-m\libsupc++.a(eh_alloc.o)
 .ARM.exidx.text.__cxa_free_exception
                0x0001c42c        0x0 r:/fehqt/proteus/gcc/bin/../lib/gcc/arm-none-eabi/4.6.2/../../../../arm-none-eabi/lib/armv7e-m\libsupc++.a(eh_alloc.o)
                                  0x8 (size before relaxing)
 .ARM.exidx.text.__cxa_type_match
                0x0001c42c        0x8 r:/fehqt/proteus/gcc/bin/../lib/gcc/arm-none-eabi/4.6.2/../../../../arm-none-eabi/lib/armv7e-m\libsupc++.a(eh_arm.o)
 .ARM.exidx.text.__cxa_begin_cleanup
                0x0001c434        0x8 r:/fehqt/proteus/gcc/bin/../lib/gcc/arm-none-eabi/4.6.2/../../../../arm-none-eabi/lib/armv7e-m\libsupc++.a(eh_arm.o)
 .ARM.exidx.text.__gnu_end_cleanup
                0x0001c43c        0x0 r:/fehqt/proteus/gcc/bin/../lib/gcc/arm-none-eabi/4.6.2/../../../../arm-none-eabi/lib/armv7e-m\libsupc++.a(eh_arm.o)
                                  0x8 (size before relaxing)
 .ARM.exidx.text.__cxa_bad_typeid
                0x0001c43c        0x8 r:/fehqt/proteus/gcc/bin/../lib/gcc/arm-none-eabi/4.6.2/../../../../arm-none-eabi/lib/armv7e-m\libsupc++.a(eh_aux_runtime.o)
 .ARM.exidx.text.__cxa_call_terminate
                0x0001c444        0x8 r:/fehqt/proteus/gcc/bin/../lib/gcc/arm-none-eabi/4.6.2/../../../../arm-none-eabi/lib/armv7e-m\libsupc++.a(eh_call.o)
 .ARM.exidx.text.__cxa_call_unexpected
                0x0001c44c        0x8 r:/fehqt/proteus/gcc/bin/../lib/gcc/arm-none-eabi/4.6.2/../../../../arm-none-eabi/lib/armv7e-m\libsupc++.a(eh_call.o)
 .ARM.exidx.text.__cxa_begin_catch
                0x0001c454        0x8 r:/fehqt/proteus/gcc/bin/../lib/gcc/arm-none-eabi/4.6.2/../../../../arm-none-eabi/lib/armv7e-m\libsupc++.a(eh_catch.o)
 .ARM.exidx.text.__cxa_end_catch
                0x0001c45c        0x8 r:/fehqt/proteus/gcc/bin/../lib/gcc/arm-none-eabi/4.6.2/../../../../arm-none-eabi/lib/armv7e-m\libsupc++.a(eh_catch.o)
 .ARM.exidx.text._ZNSt9exceptionD2Ev
                0x0001c464        0x0 r:/fehqt/proteus/gcc/bin/../lib/gcc/arm-none-eabi/4.6.2/../../../../arm-none-eabi/lib/armv7e-m\libsupc++.a(eh_exception.o)
                                  0x8 (size before relaxing)
 .ARM.exidx.text._ZNSt13bad_exceptionD2Ev
                0x0001c464        0x0 r:/fehqt/proteus/gcc/bin/../lib/gcc/arm-none-eabi/4.6.2/../../../../arm-none-eabi/lib/armv7e-m\libsupc++.a(eh_exception.o)
                                  0x8 (size before relaxing)
 .ARM.exidx.text._ZNKSt9exception4whatEv
                0x0001c464        0x0 r:/fehqt/proteus/gcc/bin/../lib/gcc/arm-none-eabi/4.6.2/../../../../arm-none-eabi/lib/armv7e-m\libsupc++.a(eh_exception.o)
                                  0x8 (size before relaxing)
 .ARM.exidx.text._ZNKSt13bad_exception4whatEv
                0x0001c464        0x0 r:/fehqt/proteus/gcc/bin/../lib/gcc/arm-none-eabi/4.6.2/../../../../arm-none-eabi/lib/armv7e-m\libsupc++.a(eh_exception.o)
                                  0x8 (size before relaxing)
 .ARM.exidx.text._ZNSt13bad_exceptionD0Ev
                0x0001c464        0x0 r:/fehqt/proteus/gcc/bin/../lib/gcc/arm-none-eabi/4.6.2/../../../../arm-none-eabi/lib/armv7e-m\libsupc++.a(eh_exception.o)
                                  0x8 (size before relaxing)
 .ARM.exidx.text._ZNSt9exceptionD0Ev
                0x0001c464        0x0 r:/fehqt/proteus/gcc/bin/../lib/gcc/arm-none-eabi/4.6.2/../../../../arm-none-eabi/lib/armv7e-m\libsupc++.a(eh_exception.o)
                                  0x8 (size before relaxing)
 .ARM.exidx.text.__cxa_get_globals_fast
                0x0001c464        0x0 r:/fehqt/proteus/gcc/bin/../lib/gcc/arm-none-eabi/4.6.2/../../../../arm-none-eabi/lib/armv7e-m\libsupc++.a(eh_globals.o)
                                  0x8 (size before relaxing)
 .ARM.exidx.text.__cxa_get_globals
                0x0001c464        0x0 r:/fehqt/proteus/gcc/bin/../lib/gcc/arm-none-eabi/4.6.2/../../../../arm-none-eabi/lib/armv7e-m\libsupc++.a(eh_globals.o)
                                  0x8 (size before relaxing)
 .ARM.exidx.text._ZL12read_sleb128PKhPl
                0x0001c464        0x0 r:/fehqt/proteus/gcc/bin/../lib/gcc/arm-none-eabi/4.6.2/../../../../arm-none-eabi/lib/armv7e-m\libsupc++.a(eh_personality.o)
                                  0x8 (size before relaxing)
 .ARM.exidx.text._ZL28read_encoded_value_with_basehjPKhPj
                0x0001c464        0x8 r:/fehqt/proteus/gcc/bin/../lib/gcc/arm-none-eabi/4.6.2/../../../../arm-none-eabi/lib/armv7e-m\libsupc++.a(eh_personality.o)
 .ARM.exidx.text._ZL21base_of_encoded_valuehP15_Unwind_Context
                0x0001c46c        0x8 r:/fehqt/proteus/gcc/bin/../lib/gcc/arm-none-eabi/4.6.2/../../../../arm-none-eabi/lib/armv7e-m\libsupc++.a(eh_personality.o)
 .ARM.exidx.text._ZL17parse_lsda_headerP15_Unwind_ContextPKhP16lsda_header_info.constprop.1
                0x0001c474        0x8 r:/fehqt/proteus/gcc/bin/../lib/gcc/arm-none-eabi/4.6.2/../../../../arm-none-eabi/lib/armv7e-m\libsupc++.a(eh_personality.o)
 .ARM.exidx.text.__gxx_personality_v0
                0x0001c47c        0x8 r:/fehqt/proteus/gcc/bin/../lib/gcc/arm-none-eabi/4.6.2/../../../../arm-none-eabi/lib/armv7e-m\libsupc++.a(eh_personality.o)
 .ARM.exidx.text._ZN10__cxxabiv111__terminateEPFvvE
                0x0001c484        0x8 r:/fehqt/proteus/gcc/bin/../lib/gcc/arm-none-eabi/4.6.2/../../../../arm-none-eabi/lib/armv7e-m\libsupc++.a(eh_terminate.o)
 .ARM.exidx.text._ZSt9terminatev
                0x0001c48c        0x8 r:/fehqt/proteus/gcc/bin/../lib/gcc/arm-none-eabi/4.6.2/../../../../arm-none-eabi/lib/armv7e-m\libsupc++.a(eh_terminate.o)
 .ARM.exidx.text._ZN10__cxxabiv112__unexpectedEPFvvE
                0x0001c494        0x8 r:/fehqt/proteus/gcc/bin/../lib/gcc/arm-none-eabi/4.6.2/../../../../arm-none-eabi/lib/armv7e-m\libsupc++.a(eh_terminate.o)
 .ARM.exidx.text._ZSt10unexpectedv
                0x0001c49c        0x8 r:/fehqt/proteus/gcc/bin/../lib/gcc/arm-none-eabi/4.6.2/../../../../arm-none-eabi/lib/armv7e-m\libsupc++.a(eh_terminate.o)
 .ARM.exidx.text._ZL23__gxx_exception_cleanup19_Unwind_Reason_CodeP21_Unwind_Control_Block
                0x0001c4a4        0x8 r:/fehqt/proteus/gcc/bin/../lib/gcc/arm-none-eabi/4.6.2/../../../../arm-none-eabi/lib/armv7e-m\libsupc++.a(eh_throw.o)
 .ARM.exidx.text.__cxa_throw
                0x0001c4ac        0x8 r:/fehqt/proteus/gcc/bin/../lib/gcc/arm-none-eabi/4.6.2/../../../../arm-none-eabi/lib/armv7e-m\libsupc++.a(eh_throw.o)
 .ARM.exidx.text.__cxa_rethrow
                0x0001c4b4        0x8 r:/fehqt/proteus/gcc/bin/../lib/gcc/arm-none-eabi/4.6.2/../../../../arm-none-eabi/lib/armv7e-m\libsupc++.a(eh_throw.o)
 .ARM.exidx.text._ZN10__cxxabiv123__fundamental_type_infoD2Ev
                0x0001c4bc        0x0 r:/fehqt/proteus/gcc/bin/../lib/gcc/arm-none-eabi/4.6.2/../../../../arm-none-eabi/lib/armv7e-m\libsupc++.a(fundamental_type_info.o)
                                  0x8 (size before relaxing)
 .ARM.exidx.text._ZN10__cxxabiv123__fundamental_type_infoD0Ev